Archive member included to satisfy reference by file (symbol)

/Applications/Marmalade7.9.0.app/Contents/s3e/edk/lib/android/x86/libedk.a(IwDebug.o)
                              debug/s3ePushWoosh_platform.os (IwDebugTraceIsChannelOn)
/Applications/Marmalade7.9.0.app/Contents/s3e/edk/lib/android/x86/libedk.a(edk_helpers.o)
                              debug/s3ePushWoosh_platform.os (s3eEdkThreadRunOnOS)
/Users/arellomobile/android-ndk-r10e/sources/cxx-stl/gnu-libstdc++/4.8/libs/x86/libgnustl_static.a(allocator-inst.o)
                              debug/s3ePushWoosh_platform.os (std::allocator<char>::allocator())
/Users/arellomobile/android-ndk-r10e/sources/cxx-stl/gnu-libstdc++/4.8/libs/x86/libgnustl_static.a(string-inst.o)
                              debug/s3ePushWoosh_platform.os (std::basic_string<char, std::char_traits<char>, std::allocator<char> >::basic_string())
/Users/arellomobile/android-ndk-r10e/sources/cxx-stl/gnu-libstdc++/4.8/libs/x86/libgnustl_static.a(eh_personality.o)
                              /Users/arellomobile/android-ndk-r10e/sources/cxx-stl/gnu-libstdc++/4.8/libs/x86/libgnustl_static.a(string-inst.o) (__gxx_personality_v0)
/Users/arellomobile/android-ndk-r10e/sources/cxx-stl/gnu-libstdc++/4.8/libs/x86/libgnustl_static.a(eh_catch.o)
                              /Users/arellomobile/android-ndk-r10e/sources/cxx-stl/gnu-libstdc++/4.8/libs/x86/libgnustl_static.a(string-inst.o) (__cxa_begin_catch)
/Users/arellomobile/android-ndk-r10e/sources/cxx-stl/gnu-libstdc++/4.8/libs/x86/libgnustl_static.a(new_op.o)
                              /Users/arellomobile/android-ndk-r10e/sources/cxx-stl/gnu-libstdc++/4.8/libs/x86/libgnustl_static.a(string-inst.o) (operator new(unsigned int))
/Users/arellomobile/android-ndk-r10e/sources/cxx-stl/gnu-libstdc++/4.8/libs/x86/libgnustl_static.a(eh_call.o)
                              /Users/arellomobile/android-ndk-r10e/sources/cxx-stl/gnu-libstdc++/4.8/libs/x86/libgnustl_static.a(eh_personality.o) (__cxa_call_terminate)
/Users/arellomobile/android-ndk-r10e/sources/cxx-stl/gnu-libstdc++/4.8/libs/x86/libgnustl_static.a(eh_globals.o)
                              /Users/arellomobile/android-ndk-r10e/sources/cxx-stl/gnu-libstdc++/4.8/libs/x86/libgnustl_static.a(eh_personality.o) (__cxa_get_globals_fast)
/Users/arellomobile/android-ndk-r10e/sources/cxx-stl/gnu-libstdc++/4.8/libs/x86/libgnustl_static.a(eh_throw.o)
                              /Users/arellomobile/android-ndk-r10e/sources/cxx-stl/gnu-libstdc++/4.8/libs/x86/libgnustl_static.a(eh_personality.o) (__cxa_throw)
/Users/arellomobile/android-ndk-r10e/sources/cxx-stl/gnu-libstdc++/4.8/libs/x86/libgnustl_static.a(eh_exception.o)
                              /Users/arellomobile/android-ndk-r10e/sources/cxx-stl/gnu-libstdc++/4.8/libs/x86/libgnustl_static.a(eh_personality.o) (vtable for std::bad_exception)
/Users/arellomobile/android-ndk-r10e/sources/cxx-stl/gnu-libstdc++/4.8/libs/x86/libgnustl_static.a(del_op.o)
                              /Users/arellomobile/android-ndk-r10e/sources/cxx-stl/gnu-libstdc++/4.8/libs/x86/libgnustl_static.a(string-inst.o) (operator delete(void*))
/Users/arellomobile/android-ndk-r10e/sources/cxx-stl/gnu-libstdc++/4.8/libs/x86/libgnustl_static.a(eh_terminate.o)
                              /Users/arellomobile/android-ndk-r10e/sources/cxx-stl/gnu-libstdc++/4.8/libs/x86/libgnustl_static.a(eh_personality.o) (__cxxabiv1::__terminate(void (*)()))
/Users/arellomobile/android-ndk-r10e/sources/cxx-stl/gnu-libstdc++/4.8/libs/x86/libgnustl_static.a(eh_alloc.o)
                              /Users/arellomobile/android-ndk-r10e/sources/cxx-stl/gnu-libstdc++/4.8/libs/x86/libgnustl_static.a(eh_personality.o) (__cxa_allocate_exception)
/Users/arellomobile/android-ndk-r10e/sources/cxx-stl/gnu-libstdc++/4.8/libs/x86/libgnustl_static.a(new_handler.o)
                              /Users/arellomobile/android-ndk-r10e/sources/cxx-stl/gnu-libstdc++/4.8/libs/x86/libgnustl_static.a(new_op.o) (__new_handler)
/Users/arellomobile/android-ndk-r10e/sources/cxx-stl/gnu-libstdc++/4.8/libs/x86/libgnustl_static.a(pure.o)
                              /Users/arellomobile/android-ndk-r10e/sources/cxx-stl/gnu-libstdc++/4.8/libs/x86/libgnustl_static.a(eh_exception.o) (__cxa_pure_virtual)
/Users/arellomobile/android-ndk-r10e/sources/cxx-stl/gnu-libstdc++/4.8/libs/x86/libgnustl_static.a(bad_alloc.o)
                              /Users/arellomobile/android-ndk-r10e/sources/cxx-stl/gnu-libstdc++/4.8/libs/x86/libgnustl_static.a(new_op.o) (vtable for std::bad_alloc)
/Users/arellomobile/android-ndk-r10e/sources/cxx-stl/gnu-libstdc++/4.8/libs/x86/libgnustl_static.a(functexcept.o)
                              /Users/arellomobile/android-ndk-r10e/sources/cxx-stl/gnu-libstdc++/4.8/libs/x86/libgnustl_static.a(string-inst.o) (std::__throw_logic_error(char const*))
/Users/arellomobile/android-ndk-r10e/sources/cxx-stl/gnu-libstdc++/4.8/libs/x86/libgnustl_static.a(functional.o)
[...]
Memory Configuration

Name             Origin             Length             Attributes
*default*        0x0000000000000000 0xffffffffffffffff

Linker script and memory map

LOAD /Users/arellomobile/android-ndk-r10e/platforms/android-14/arch-x86/usr/lib/crtbegin_so.o
LOAD debug/s3ePushWoosh_platform.os
LOAD debug/s3ePushWoosh.os
LOAD debug/s3ePushWoosh_register.os
LOAD /Applications/Marmalade7.9.0.app/Contents/s3e/edk/lib/android/x86/libedk.a
LOAD /Applications/Marmalade7.9.0.app/Contents/s3e/edk/lib/android/x86/libplaceholderplaceholderplaceholderplaceholderplaceholder.so
LOAD /Users/arellomobile/android-ndk-r10e/platforms/android-14/arch-x86/usr/lib/liblog.so
LOAD /Users/arellomobile/android-ndk-r10e/sources/cxx-stl/gnu-libstdc++/4.8/libs/x86/libgnustl_static.a
LOAD /Users/arellomobile/android-ndk-r10e/toolchains/x86-4.8/prebuilt/darwin-x86_64/bin/../lib/gcc/i686-linux-android/4.8/libgcc.a
LOAD /Users/arellomobile/android-ndk-r10e/platforms/android-14/arch-x86/usr/lib/libstdc++.so
LOAD /Users/arellomobile/android-ndk-r10e/platforms/android-14/arch-x86/usr/lib/libm.so
LOAD /Users/arellomobile/android-ndk-r10e/platforms/android-14/arch-x86/usr/lib/libc.so
LOAD /Users/arellomobile/android-ndk-r10e/toolchains/x86-4.8/prebuilt/darwin-x86_64/bin/../lib/gcc/i686-linux-android/4.8/libgcc.a
LOAD /Users/arellomobile/android-ndk-r10e/platforms/android-14/arch-x86/usr/lib/libc.so
LOAD /Users/arellomobile/android-ndk-r10e/platforms/android-14/arch-x86/usr/lib/libdl.so
LOAD /Users/arellomobile/android-ndk-r10e/toolchains/x86-4.8/prebuilt/darwin-x86_64/bin/../lib/gcc/i686-linux-android/4.8/libgcc.a
LOAD /Users/arellomobile/android-ndk-r10e/platforms/android-14/arch-x86/usr/lib/crtend_so.o
                0x00000000000000f4                . = (0x0 + SIZEOF_HEADERS)

.note.gnu.build-id
 *(.note.gnu.build-id)

.hash           0x00000000000000f4      0x688
 *(.hash)
 .hash          0x00000000000000f4      0x688 /Users/arellomobile/android-ndk-r10e/platforms/android-14/arch-x86/usr/lib/crtbegin_so.o

.gnu.hash
 *(.gnu.hash)

.dynsym         0x000000000000077c      0xdb0
 *(.dynsym)
 .dynsym        0x000000000000077c      0xdb0 /Users/arellomobile/android-ndk-r10e/platforms/android-14/arch-x86/usr/lib/crtbegin_so.o

.dynstr         0x000000000000152c     0x1690
 *(.dynstr)
 .dynstr        0x000000000000152c     0x1690 /Users/arellomobile/android-ndk-r10e/platforms/android-14/arch-x86/usr/lib/crtbegin_so.o

.gnu.version    0x0000000000002bbc        0x0
 *(.gnu.version)
 .gnu.version   0x0000000000002bbc        0x0 /Users/arellomobile/android-ndk-r10e/platforms/android-14/arch-x86/usr/lib/crtbegin_so.o

.gnu.version_d  0x0000000000002bbc        0x0
 *(.gnu.version_d)
 .gnu.version_d
                0x0000000000002bbc        0x0 /Users/arellomobile/android-ndk-r10e/platforms/android-14/arch-x86/usr/lib/crtbegin_so.o

.gnu.version_r  0x0000000000002bbc        0x0
 *(.gnu.version_r)
 .gnu.version_r
                0x0000000000002bbc        0x0 /Users/arellomobile/android-ndk-r10e/platforms/android-14/arch-x86/usr/lib/crtbegin_so.o

.rel.dyn        0x0000000000002bbc      0xea8
 *(.rel.init)
 *(.rel.text .rel.text.* .rel.gnu.linkonce.t.*)
 .rel.text      0x0000000000002bbc        0x0 /Users/arellomobile/android-ndk-r10e/platforms/android-14/arch-x86/usr/lib/crtbegin_so.o
 .rel.text._ZN19AutoJniStringBufferC2EP7_JNIEnvP8_jstring
                0x0000000000002bbc        0x0 /Users/arellomobile/android-ndk-r10e/platforms/android-14/arch-x86/usr/lib/crtbegin_so.o
 .rel.text._ZN19AutoJniStringBufferD2Ev
                0x0000000000002bbc        0x0 /Users/arellomobile/android-ndk-r10e/platforms/android-14/arch-x86/usr/lib/crtbegin_so.o
 .rel.text._ZNSsaSEOSs
                0x0000000000002bbc        0x0 /Users/arellomobile/android-ndk-r10e/platforms/android-14/arch-x86/usr/lib/crtbegin_so.o
 .rel.text._ZNSs6assignEOSs
                0x0000000000002bbc        0x0 /Users/arellomobile/android-ndk-r10e/platforms/android-14/arch-x86/usr/lib/crtbegin_so.o
 .rel.text._ZNKSs4findERKSsj
                0x0000000000002bbc        0x0 /Users/arellomobile/android-ndk-r10e/platforms/android-14/arch-x86/usr/lib/crtbegin_so.o
 .rel.text._ZNKSs4findEPKcj
                0x0000000000002bbc        0x0 /Users/arellomobile/android-ndk-r10e/platforms/android-14/arch-x86/usr/lib/crtbegin_so.o
 .rel.text._ZNKSs5rfindERKSsj
                0x0000000000002bbc        0x0 /Users/arellomobile/android-ndk-r10e/platforms/android-14/arch-x86/usr/lib/crtbegin_so.o
 .rel.text._ZNKSs5rfindEPKcj
                0x0000000000002bbc        0x0 /Users/arellomobile/android-ndk-r10e/platforms/android-14/arch-x86/usr/lib/crtbegin_so.o
 .rel.text._ZNKSs13find_first_ofERKSsj
                0x0000000000002bbc        0x0 /Users/arellomobile/android-ndk-r10e/platforms/android-14/arch-x86/usr/lib/crtbegin_so.o
 .rel.text._ZNKSs13find_first_ofEPKcj
                0x0000000000002bbc        0x0 /Users/arellomobile/android-ndk-r10e/platforms/android-14/arch-x86/usr/lib/crtbegin_so.o
 .rel.text._ZNKSs13find_first_ofEcj
                0x0000000000002bbc        0x0 /Users/arellomobile/android-ndk-r10e/platforms/android-14/arch-x86/usr/lib/crtbegin_so.o
 .rel.text._ZNKSs12find_last_ofERKSsj
                0x0000000000002bbc        0x0 /Users/arellomobile/android-ndk-r10e/platforms/android-14/arch-x86/usr/lib/crtbegin_so.o
 .rel.text._ZNKSs12find_last_ofEPKcj
                0x0000000000002bbc        0x0 /Users/arellomobile/android-ndk-r10e/platforms/android-14/arch-x86/usr/lib/crtbegin_so.o
 .rel.text._ZNKSs12find_last_ofEcj
                0x0000000000002bbc        0x0 /Users/arellomobile/android-ndk-r10e/platforms/android-14/arch-x86/usr/lib/crtbegin_so.o
 .rel.text._ZNKSs17find_first_not_ofERKSsj
                0x0000000000002bbc        0x0 /Users/arellomobile/android-ndk-r10e/platforms/android-14/arch-x86/usr/lib/crtbegin_so.o
 .rel.text._ZNKSs17find_first_not_ofEPKcj
                0x0000000000002bbc        0x0 /Users/arellomobile/android-ndk-r10e/platforms/android-14/arch-x86/usr/lib/crtbegin_so.o
 .rel.text._ZNKSs16find_last_not_ofERKSsj
                0x0000000000002bbc        0x0 /Users/arellomobile/android-ndk-r10e/platforms/android-14/arch-x86/usr/lib/crtbegin_so.o
 .rel.text._ZNKSs16find_last_not_ofEPKcj
                0x0000000000002bbc        0x0 /Users/arellomobile/android-ndk-r10e/platforms/android-14/arch-x86/usr/lib/crtbegin_so.o
 .rel.text._ZNSs12_S_constructEjcRKSaIcE
                0x0000000000002bbc        0x0 /Users/arellomobile/android-ndk-r10e/platforms/android-14/arch-x86/usr/lib/crtbegin_so.o
 .rel.text._ZNSsC2ERKSaIcE
                0x0000000000002bbc        0x0 /Users/arellomobile/android-ndk-r10e/platforms/android-14/arch-x86/usr/lib/crtbegin_so.o
 .rel.text._ZNSsC2EjcRKSaIcE
                0x0000000000002bbc        0x0 /Users/arellomobile/android-ndk-r10e/platforms/android-14/arch-x86/usr/lib/crtbegin_so.o
 .rel.text._ZNSs18_S_construct_aux_2EjcRKSaIcE
                0x0000000000002bbc        0x0 /Users/arellomobile/android-ndk-r10e/platforms/android-14/arch-x86/usr/lib/crtbegin_so.o
 .rel.text.unlikely._ZNSs4_Rep10_M_disposeERKSaIcE.part.12
                0x0000000000002bbc        0x0 /Users/arellomobile/android-ndk-r10e/platforms/android-14/arch-x86/usr/lib/crtbegin_so.o
 .rel.text._ZNSs9_M_mutateEjjj
                0x0000000000002bbc        0x0 /Users/arellomobile/android-ndk-r10e/platforms/android-14/arch-x86/usr/lib/crtbegin_so.o
 .rel.text._ZNSs12_M_leak_hardEv
                0x0000000000002bbc        0x0 /Users/arellomobile/android-ndk-r10e/platforms/android-14/arch-x86/usr/lib/crtbegin_so.o
 .rel.text._ZNSs7_M_leakEv
                0x0000000000002bbc        0x0 /Users/arellomobile/android-ndk-r10e/platforms/android-14/arch-x86/usr/lib/crtbegin_so.o
 .rel.text._ZNSs5beginEv
                0x0000000000002bbc        0x0 /Users/arellomobile/android-ndk-r10e/platforms/android-14/arch-x86/usr/lib/crtbegin_so.o
 .rel.text._ZNSs4rendEv
                0x0000000000002bbc        0x0 /Users/arellomobile/android-ndk-r10e/platforms/android-14/arch-x86/usr/lib/crtbegin_so.o
 .rel.text._ZNSs3endEv
                0x0000000000002bbc        0x0 /Users/arellomobile/android-ndk-r10e/platforms/android-14/arch-x86/usr/lib/crtbegin_so.o
 .rel.text._ZNSsixEj
                0x0000000000002bbc        0x0 /Users/arellomobile/android-ndk-r10e/platforms/android-14/arch-x86/usr/lib/crtbegin_so.o
 .rel.text._ZNSs5frontEv
                0x0000000000002bbc        0x0 /Users/arellomobile/android-ndk-r10e/platforms/android-14/arch-x86/usr/lib/crtbegin_so.o
 .rel.text._ZNSs4backEv
                0x0000000000002bbc        0x0 /Users/arellomobile/android-ndk-r10e/platforms/android-14/arch-x86/usr/lib/crtbegin_so.o
 .rel.text._ZNSs2atEj
                0x0000000000002bbc        0x0 /Users/arellomobile/android-ndk-r10e/platforms/android-14/arch-x86/usr/lib/crtbegin_so.o
 .rel.text._ZNSs6rbeginEv
                0x0000000000002bbc        0x0 /Users/arellomobile/android-ndk-r10e/platforms/android-14/arch-x86/usr/lib/crtbegin_so.o
 .rel.text._ZNSs5clearEv
                0x0000000000002bbc        0x0 /Users/arellomobile/android-ndk-r10e/platforms/android-14/arch-x86/usr/lib/crtbegin_so.o
 .rel.text._ZNSs5eraseEjj
                0x0000000000002bbc        0x0 /Users/arellomobile/android-ndk-r10e/platforms/android-14/arch-x86/usr/lib/crtbegin_so.o
 .rel.text._ZNSs5eraseEN9__gnu_cxx17__normal_iteratorIPcSsEE
                0x0000000000002bbc        0x0 /Users/arellomobile/android-ndk-r10e/platforms/android-14/arch-x86/usr/lib/crtbegin_so.o
 .rel.text._ZNSs5eraseEN9__gnu_cxx17__normal_iteratorIPcSsEES2_
                0x0000000000002bbc        0x0 /Users/arellomobile/android-ndk-r10e/platforms/android-14/arch-x86/usr/lib/crtbegin_so.o
 .rel.text._ZNSs14_M_replace_auxEjjjc
                0x0000000000002bbc        0x0 /Users/arellomobile/android-ndk-r10e/platforms/android-14/arch-x86/usr/lib/crtbegin_so.o
 .rel.text._ZNSs6assignEjc
                0x0000000000002bbc        0x0 /Users/arellomobile/android-ndk-r10e/platforms/android-14/arch-x86/usr/lib/crtbegin_so.o
 .rel.text._ZNSsaSEc
                0x0000000000002bbc        0x0 /Users/arellomobile/android-ndk-r10e/platforms/android-14/arch-x86/usr/lib/crtbegin_so.o
 .rel.text._ZNSs6insertEjjc
                0x0000000000002bbc        0x0 /Users/arellomobile/android-ndk-r10e/platforms/android-14/arch-x86/usr/lib/crtbegin_so.o
 .rel.text._ZNSs6insertEN9__gnu_cxx17__normal_iteratorIPcSsEEc
                0x0000000000002bbc        0x0 /Users/arellomobile/android-ndk-r10e/platforms/android-14/arch-x86/usr/lib/crtbegin_so.o
 .rel.text._ZNSs7replaceEjjjc
                0x0000000000002bbc        0x0 /Users/arellomobile/android-ndk-r10e/platforms/android-14/arch-x86/usr/lib/crtbegin_so.o
 .rel.text._ZNSs7replaceEN9__gnu_cxx17__normal_iteratorIPcSsEES2_jc
                0x0000000000002bbc        0x0 /Users/arellomobile/android-ndk-r10e/platforms/android-14/arch-x86/usr/lib/crtbegin_so.o
 .rel.text._ZNSs6insertEN9__gnu_cxx17__normal_iteratorIPcSsEEjc
                0x0000000000002bbc        0x0 /Users/arellomobile/android-ndk-r10e/platforms/android-14/arch-x86/usr/lib/crtbegin_so.o
 .rel.text._ZNSs15_M_replace_safeEjjPKcj
                0x0000000000002bbc        0x0 /Users/arellomobile/android-ndk-r10e/platforms/android-14/arch-x86/usr/lib/crtbegin_so.o
 .rel.text._ZNSs6assignEPKcj
                0x0000000000002bbc        0x0 /Users/arellomobile/android-ndk-r10e/platforms/android-14/arch-x86/usr/lib/crtbegin_so.o
 .rel.text._ZNSsaSESt16initializer_listIcE
                0x0000000000002bbc        0x0 /Users/arellomobile/android-ndk-r10e/platforms/android-14/arch-x86/usr/lib/crtbegin_so.o
 .rel.text._ZNSs6assignERKSsjj
                0x0000000000002bbc        0x0 /Users/arellomobile/android-ndk-r10e/platforms/android-14/arch-x86/usr/lib/crtbegin_so.o
 .rel.text._ZNSs6assignEPKc
                0x0000000000002bbc        0x0 /Users/arellomobile/android-ndk-r10e/platforms/android-14/arch-x86/usr/lib/crtbegin_so.o
 .rel.text._ZNSs6assignESt16initializer_listIcE
                0x0000000000002bbc        0x0 /Users/arellomobile/android-ndk-r10e/platforms/android-14/arch-x86/usr/lib/crtbegin_so.o
 .rel.text._ZNSsaSEPKc
                0x0000000000002bbc        0x0 /Users/arellomobile/android-ndk-r10e/platforms/android-14/arch-x86/usr/lib/crtbegin_so.o
 .rel.text._ZNSs6insertEjPKcj
                0x0000000000002bbc        0x0 /Users/arellomobile/android-ndk-r10e/platforms/android-14/arch-x86/usr/lib/crtbegin_so.o
 .rel.text._ZNSs6insertEN9__gnu_cxx17__normal_iteratorIPcSsEESt16initializer_listIcE
                0x0000000000002bbc        0x0 /Users/arellomobile/android-ndk-r10e/platforms/android-14/arch-x86/usr/lib/crtbegin_so.o
 .rel.text._ZNSs6insertEjRKSsjj
                0x0000000000002bbc        0x0 /Users/arellomobile/android-ndk-r10e/platforms/android-14/arch-x86/usr/lib/crtbegin_so.o
 .rel.text._ZNSs6insertEjPKc
                0x0000000000002bbc        0x0 /Users/arellomobile/android-ndk-r10e/platforms/android-14/arch-x86/usr/lib/crtbegin_so.o
 .rel.text._ZNSs6insertEjRKSs
                0x0000000000002bbc        0x0 /Users/arellomobile/android-ndk-r10e/platforms/android-14/arch-x86/usr/lib/crtbegin_so.o
 .rel.text._ZNSs8pop_backEv
                0x0000000000002bbc        0x0 /Users/arellomobile/android-ndk-r10e/platforms/android-14/arch-x86/usr/lib/crtbegin_so.o
 .rel.text._ZNSs4_Rep8_M_cloneERKSaIcEj
                0x0000000000002bbc        0x0 /Users/arellomobile/android-ndk-r10e/platforms/android-14/arch-x86/usr/lib/crtbegin_so.o
 .rel.text._ZNSs7reserveEj
                0x0000000000002bbc        0x0 /Users/arellomobile/android-ndk-r10e/platforms/android-14/arch-x86/usr/lib/crtbegin_so.o
 .rel.text._ZNSs13shrink_to_fitEv
                0x0000000000002bbc        0x0 /Users/arellomobile/android-ndk-r10e/platforms/android-14/arch-x86/usr/lib/crtbegin_so.o
 .rel.text._ZNSs6appendERKSs
                0x0000000000002bbc        0x0 /Users/arellomobile/android-ndk-r10e/platforms/android-14/arch-x86/usr/lib/crtbegin_so.o
 .rel.text._ZNSspLERKSs
                0x0000000000002bbc        0x0 /Users/arellomobile/android-ndk-r10e/platforms/android-14/arch-x86/usr/lib/crtbegin_so.o
 .rel.text._ZNSs6appendERKSsjj
                0x0000000000002bbc        0x0 /Users/arellomobile/android-ndk-r10e/platforms/android-14/arch-x86/usr/lib/crtbegin_so.o
 .rel.text._ZNSs6appendEPKcj
                0x0000000000002bbc        0x0 /Users/arellomobile/android-ndk-r10e/platforms/android-14/arch-x86/usr/lib/crtbegin_so.o
 .rel.text._ZNSspLESt16initializer_listIcE
                0x0000000000002bbc        0x0 /Users/arellomobile/android-ndk-r10e/platforms/android-14/arch-x86/usr/lib/crtbegin_so.o
 .rel.text._ZNSs6appendEPKc
                0x0000000000002bbc        0x0 /Users/arellomobile/android-ndk-r10e/platforms/android-14/arch-x86/usr/lib/crtbegin_so.o
 .rel.text._ZNSs6appendESt16initializer_listIcE
                0x0000000000002bbc        0x0 /Users/arellomobile/android-ndk-r10e/platforms/android-14/arch-x86/usr/lib/crtbegin_so.o
 .rel.text._ZNSspLEPKc
                0x0000000000002bbc        0x0 /Users/arellomobile/android-ndk-r10e/platforms/android-14/arch-x86/usr/lib/crtbegin_so.o
 .rel.text._ZNSs6appendEjc
                0x0000000000002bbc        0x0 /Users/arellomobile/android-ndk-r10e/platforms/android-14/arch-x86/usr/lib/crtbegin_so.o
 .rel.text._ZNSs6resizeEjc
                0x0000000000002bbc        0x0 /Users/arellomobile/android-ndk-r10e/platforms/android-14/arch-x86/usr/lib/crtbegin_so.o
 .rel.text._ZNSs6resizeEj
                0x0000000000002bbc        0x0 /Users/arellomobile/android-ndk-r10e/platforms/android-14/arch-x86/usr/lib/crtbegin_so.o
 .rel.text._ZNSs9push_backEc
                0x0000000000002bbc        0x0 /Users/arellomobile/android-ndk-r10e/platforms/android-14/arch-x86/usr/lib/crtbegin_so.o
 .rel.text._ZNSspLEc
                0x0000000000002bbc        0x0 /Users/arellomobile/android-ndk-r10e/platforms/android-14/arch-x86/usr/lib/crtbegin_so.o
 .rel.text._ZNSs4_Rep7_M_grabERKSaIcES2_
                0x0000000000002bbc        0x0 /Users/arellomobile/android-ndk-r10e/platforms/android-14/arch-x86/usr/lib/crtbegin_so.o
 .rel.text._ZNSsC2ERKSs
                0x0000000000002bbc        0x0 /Users/arellomobile/android-ndk-r10e/platforms/android-14/arch-x86/usr/lib/crtbegin_so.o
 .rel.text._ZNSs6assignERKSs
                0x0000000000002bbc        0x0 /Users/arellomobile/android-ndk-r10e/platforms/android-14/arch-x86/usr/lib/crtbegin_so.o
 .rel.text._ZNSsaSERKSs
                0x0000000000002bbc        0x0 /Users/arellomobile/android-ndk-r10e/platforms/android-14/arch-x86/usr/lib/crtbegin_so.o
 .rel.text._ZStplIcSt11char_traitsIcESaIcEESbIT_T0_T1_EPKS3_RKS6_
                0x0000000000002bbc        0x0 /Users/arellomobile/android-ndk-r10e/platforms/android-14/arch-x86/usr/lib/crtbegin_so.o
 .rel.text._ZStplIcSt11char_traitsIcESaIcEESbIT_T0_T1_ES3_RKS6_
                0x0000000000002bbc        0x0 /Users/arellomobile/android-ndk-r10e/platforms/android-14/arch-x86/usr/lib/crtbegin_so.o
 .rel.text._ZStplIcSt11char_traitsIcESaIcEESbIT_T0_T1_ERKS6_S8_
                0x0000000000002bbc        0x0 /Users/arellomobile/android-ndk-r10e/platforms/android-14/arch-x86/usr/lib/crtbegin_so.o
 .rel.text._ZNSs12_S_constructIN9__gnu_cxx17__normal_iteratorIPcSsEEEES2_T_S4_RKSaIcESt20forward_iterator_tag
                0x0000000000002bbc        0x0 /Users/arellomobile/android-ndk-r10e/platforms/android-14/arch-x86/usr/lib/crtbegin_so.o
 .rel.text._ZNSsC2IN9__gnu_cxx17__normal_iteratorIPcSsEEEET_S4_RKSaIcE
                0x0000000000002bbc        0x0 /Users/arellomobile/android-ndk-r10e/platforms/android-14/arch-x86/usr/lib/crtbegin_so.o
 .rel.text._ZNSs12_S_constructIPcEES0_T_S1_RKSaIcESt20forward_iterator_tag
                0x0000000000002bbc        0x0 /Users/arellomobile/android-ndk-r10e/platforms/android-14/arch-x86/usr/lib/crtbegin_so.o
 .rel.text._ZNSsC2ERKSsjj
                0x0000000000002bbc        0x0 /Users/arellomobile/android-ndk-r10e/platforms/android-14/arch-x86/usr/lib/crtbegin_so.o
 .rel.text._ZNKSs6substrEjj
                0x0000000000002bbc        0x0 /Users/arellomobile/android-ndk-r10e/platforms/android-14/arch-x86/usr/lib/crtbegin_so.o
 .rel.text._ZNSsC2ERKSsjjRKSaIcE
                0x0000000000002bbc        0x0 /Users/arellomobile/android-ndk-r10e/platforms/android-14/arch-x86/usr/lib/crtbegin_so.o
 .rel.text._ZNSsC2IPcEET_S1_RKSaIcE
                0x0000000000002bbc        0x0 /Users/arellomobile/android-ndk-r10e/platforms/android-14/arch-x86/usr/lib/crtbegin_so.o
 .rel.text._ZNSs12_S_constructIPKcEEPcT_S3_RKSaIcESt20forward_iterator_tag
                0x0000000000002bbc        0x0 /Users/arellomobile/android-ndk-r10e/platforms/android-14/arch-x86/usr/lib/crtbegin_so.o
 .rel.text._ZNSsC2EPKcjRKSaIcE
                0x0000000000002bbc        0x0 /Users/arellomobile/android-ndk-r10e/platforms/android-14/arch-x86/usr/lib/crtbegin_so.o
 .rel.text._ZNSs7replaceEjjPKcj
                0x0000000000002bbc        0x0 /Users/arellomobile/android-ndk-r10e/platforms/android-14/arch-x86/usr/lib/crtbegin_so.o
 .rel.text._ZNSs7replaceEjjRKSs
                0x0000000000002bbc        0x0 /Users/arellomobile/android-ndk-r10e/platforms/android-14/arch-x86/usr/lib/crtbegin_so.o
 .rel.text._ZNSs7replaceEjjRKSsjj
                0x0000000000002bbc        0x0 /Users/arellomobile/android-ndk-r10e/platforms/android-14/arch-x86/usr/lib/crtbegin_so.o
 .rel.text._ZNSs7replaceEjjPKc
                0x0000000000002bbc        0x0 /Users/arellomobile/android-ndk-r10e/platforms/android-14/arch-x86/usr/lib/crtbegin_so.o
 .rel.text._ZNSs7replaceEN9__gnu_cxx17__normal_iteratorIPcSsEES2_PKcj
                0x0000000000002bbc        0x0 /Users/arellomobile/android-ndk-r10e/platforms/android-14/arch-x86/usr/lib/crtbegin_so.o
 .rel.text._ZNSs7replaceEN9__gnu_cxx17__normal_iteratorIPcSsEES2_RKSs
                0x0000000000002bbc        0x0 /Users/arellomobile/android-ndk-r10e/platforms/android-14/arch-x86/usr/lib/crtbegin_so.o
 .rel.text._ZNSs7replaceEN9__gnu_cxx17__normal_iteratorIPcSsEES2_PKc
                0x0000000000002bbc        0x0 /Users/arellomobile/android-ndk-r10e/platforms/android-14/arch-x86/usr/lib/crtbegin_so.o
 .rel.text._ZNSs7replaceEN9__gnu_cxx17__normal_iteratorIPcSsEES2_S1_S1_
                0x0000000000002bbc        0x0 /Users/arellomobile/android-ndk-r10e/platforms/android-14/arch-x86/usr/lib/crtbegin_so.o
 .rel.text._ZNSs7replaceEN9__gnu_cxx17__normal_iteratorIPcSsEES2_PKcS4_
                0x0000000000002bbc        0x0 /Users/arellomobile/android-ndk-r10e/platforms/android-14/arch-x86/usr/lib/crtbegin_so.o
 .rel.text._ZNSs7replaceEN9__gnu_cxx17__normal_iteratorIPcSsEES2_St16initializer_listIcE
                0x0000000000002bbc        0x0 /Users/arellomobile/android-ndk-r10e/platforms/android-14/arch-x86/usr/lib/crtbegin_so.o
 .rel.text._ZNSs7replaceEN9__gnu_cxx17__normal_iteratorIPcSsEES2_S2_S2_
                0x0000000000002bbc        0x0 /Users/arellomobile/android-ndk-r10e/platforms/android-14/arch-x86/usr/lib/crtbegin_so.o
 .rel.text._ZNSs7replaceEN9__gnu_cxx17__normal_iteratorIPcSsEES2_NS0_IPKcSsEES5_
                0x0000000000002bbc        0x0 /Users/arellomobile/android-ndk-r10e/platforms/android-14/arch-x86/usr/lib/crtbegin_so.o
 .rel.text._ZNSsC2EPKcRKSaIcE
                0x0000000000002bbc        0x0 /Users/arellomobile/android-ndk-r10e/platforms/android-14/arch-x86/usr/lib/crtbegin_so.o
 .rel.text._ZNSsC2ESt16initializer_listIcERKSaIcE
                0x0000000000002bbc        0x0 /Users/arellomobile/android-ndk-r10e/platforms/android-14/arch-x86/usr/lib/crtbegin_so.o
 .rel.text._ZNSsC2IPKcEET_S2_RKSaIcE
                0x0000000000002bbc        0x0 /Users/arellomobile/android-ndk-r10e/platforms/android-14/arch-x86/usr/lib/crtbegin_so.o
 .rel.text.__cxa_allocate_exception
                0x0000000000002bbc        0x0 /Users/arellomobile/android-ndk-r10e/platforms/android-14/arch-x86/usr/lib/crtbegin_so.o
 .rel.text.__cxa_free_exception
                0x0000000000002bbc        0x0 /Users/arellomobile/android-ndk-r10e/platforms/android-14/arch-x86/usr/lib/crtbegin_so.o
 .rel.text.__cxa_allocate_dependent_exception
                0x0000000000002bbc        0x0 /Users/arellomobile/android-ndk-r10e/platforms/android-14/arch-x86/usr/lib/crtbegin_so.o
 .rel.text.__cxa_free_dependent_exception
                0x0000000000002bbc        0x0 /Users/arellomobile/android-ndk-r10e/platforms/android-14/arch-x86/usr/lib/crtbegin_so.o
 *(.rel.fini)
 *(.rel.rodata .rel.rodata.* .rel.gnu.linkonce.r.*)
 *(.rel.data.rel.ro .rel.data.rel.ro.* .rel.gnu.linkonce.d.rel.ro.*)
 .rel.data.rel.ro
                0x0000000000002bbc       0x48 /Users/arellomobile/android-ndk-r10e/platforms/android-14/arch-x86/usr/lib/crtbegin_so.o
 .rel.data.rel.ro._ZTISt9exception
                0x0000000000002c04       0x10 /Users/arellomobile/android-ndk-r10e/platforms/android-14/arch-x86/usr/lib/crtbegin_so.o
 .rel.data.rel.ro._ZTISt13bad_exception
                0x0000000000002c14       0x18 /Users/arellomobile/android-ndk-r10e/platforms/android-14/arch-x86/usr/lib/crtbegin_so.o
 .rel.data.rel.ro._ZTIN10__cxxabiv115__forced_unwindE
                0x0000000000002c2c       0x10 /Users/arellomobile/android-ndk-r10e/platforms/android-14/arch-x86/usr/lib/crtbegin_so.o
 .rel.data.rel.ro._ZTIN10__cxxabiv119__foreign_exceptionE
                0x0000000000002c3c       0x10 /Users/arellomobile/android-ndk-r10e/platforms/android-14/arch-x86/usr/lib/crtbegin_so.o
 .rel.data.rel.ro._ZTVSt9exception
                0x0000000000002c4c       0x20 /Users/arellomobile/android-ndk-r10e/platforms/android-14/arch-x86/usr/lib/crtbegin_so.o
 .rel.data.rel.ro._ZTVSt13bad_exception
                0x0000000000002c6c       0x20 /Users/arellomobile/android-ndk-r10e/platforms/android-14/arch-x86/usr/lib/crtbegin_so.o
 .rel.data.rel.ro._ZTVN10__cxxabiv115__forced_unwindE
                0x0000000000002c8c       0x20 /Users/arellomobile/android-ndk-r10e/platforms/android-14/arch-x86/usr/lib/crtbegin_so.o
 .rel.data.rel.ro._ZTVN10__cxxabiv119__foreign_exceptionE
                0x0000000000002cac       0x20 /Users/arellomobile/android-ndk-r10e/platforms/android-14/arch-x86/usr/lib/crtbegin_so.o
 .rel.data.rel.ro._ZTIN9__gnu_cxx24__concurrence_lock_errorE
                0x0000000000002ccc       0x18 /Users/arellomobile/android-ndk-r10e/platforms/android-14/arch-x86/usr/lib/crtbegin_so.o
 .rel.data.rel.ro._ZTIN9__gnu_cxx26__concurrence_unlock_errorE
                0x0000000000002ce4       0x18 /Users/arellomobile/android-ndk-r10e/platforms/android-14/arch-x86/usr/lib/crtbegin_so.o
 .rel.data.rel.ro._ZTVN9__gnu_cxx24__concurrence_lock_errorE
                0x0000000000002cfc       0x20 /Users/arellomobile/android-ndk-r10e/platforms/android-14/arch-x86/usr/lib/crtbegin_so.o
 .rel.data.rel.ro._ZTVN9__gnu_cxx26__concurrence_unlock_errorE
                0x0000000000002d1c       0x20 /Users/arellomobile/android-ndk-r10e/platforms/android-14/arch-x86/usr/lib/crtbegin_so.o
 .rel.data.rel.ro._ZTISt9bad_alloc
                0x0000000000002d3c       0x18 /Users/arellomobile/android-ndk-r10e/platforms/android-14/arch-x86/usr/lib/crtbegin_so.o
 .rel.data.rel.ro._ZTVSt9bad_alloc
                0x0000000000002d54       0x20 /Users/arellomobile/android-ndk-r10e/platforms/android-14/arch-x86/usr/lib/crtbegin_so.o
 .rel.data.rel.ro._ZTISt17bad_function_call
                0x0000000000002d74       0x18 /Users/arellomobile/android-ndk-r10e/platforms/android-14/arch-x86/usr/lib/crtbegin_so.o
 .rel.data.rel.ro._ZTVSt17bad_function_call
                0x0000000000002d8c       0x20 /Users/arellomobile/android-ndk-r10e/platforms/android-14/arch-x86/usr/lib/crtbegin_so.o
 .rel.data.rel.ro._ZTIN12_GLOBAL__N_121future_error_categoryE
                0x0000000000002dac       0x18 /Users/arellomobile/android-ndk-r10e/platforms/android-14/arch-x86/usr/lib/crtbegin_so.o
 .rel.data.rel.ro._ZTISt12future_error
                0x0000000000002dc4       0x18 /Users/arellomobile/android-ndk-r10e/platforms/android-14/arch-x86/usr/lib/crtbegin_so.o
 .rel.data.rel.ro._ZTINSt13__future_base12_Result_baseE
                0x0000000000002ddc       0x10 /Users/arellomobile/android-ndk-r10e/platforms/android-14/arch-x86/usr/lib/crtbegin_so.o
 .rel.data.rel.ro._ZTINSt13__future_base11_State_baseE
                0x0000000000002dec       0x10 /Users/arellomobile/android-ndk-r10e/platforms/android-14/arch-x86/usr/lib/crtbegin_so.o
 .rel.data.rel.ro._ZTVN12_GLOBAL__N_121future_error_categoryE
                0x0000000000002dfc       0x40 /Users/arellomobile/android-ndk-r10e/platforms/android-14/arch-x86/usr/lib/crtbegin_so.o
 .rel.data.rel.ro._ZTVSt12future_error
                0x0000000000002e3c       0x20 /Users/arellomobile/android-ndk-r10e/platforms/android-14/arch-x86/usr/lib/crtbegin_so.o
 .rel.data.rel.ro._ZTVNSt13__future_base12_Result_baseE
                0x0000000000002e5c       0x20 /Users/arellomobile/android-ndk-r10e/platforms/android-14/arch-x86/usr/lib/crtbegin_so.o
 .rel.data.rel.ro._ZTVNSt13__future_base11_State_baseE
                0x0000000000002e7c       0x20 /Users/arellomobile/android-ndk-r10e/platforms/android-14/arch-x86/usr/lib/crtbegin_so.o
 .rel.data.rel.ro._ZTISt10bad_typeid
                0x0000000000002e9c       0x18 /Users/arellomobile/android-ndk-r10e/platforms/android-14/arch-x86/usr/lib/crtbegin_so.o
 .rel.data.rel.ro._ZTVSt10bad_typeid
                0x0000000000002eb4       0x20 /Users/arellomobile/android-ndk-r10e/platforms/android-14/arch-x86/usr/lib/crtbegin_so.o
 .rel.data.rel.ro._ZTIN10__cxxabiv120__si_class_type_infoE
                0x0000000000002ed4       0x18 /Users/arellomobile/android-ndk-r10e/platforms/android-14/arch-x86/usr/lib/crtbegin_so.o
 .rel.data.rel.ro._ZTVN10__cxxabiv120__si_class_type_infoE
                0x0000000000002eec       0x50 /Users/arellomobile/android-ndk-r10e/platforms/android-14/arch-x86/usr/lib/crtbegin_so.o
 .rel.data.rel.ro._ZTIN10__cxxabiv117__class_type_infoE
                0x0000000000002f3c       0x18 /Users/arellomobile/android-ndk-r10e/platforms/android-14/arch-x86/usr/lib/crtbegin_so.o
 .rel.data.rel.ro._ZTVN10__cxxabiv117__class_type_infoE
                0x0000000000002f54       0x50 /Users/arellomobile/android-ndk-r10e/platforms/android-14/arch-x86/usr/lib/crtbegin_so.o
 .rel.data.rel.ro._ZTISt8bad_cast
                0x0000000000002fa4       0x18 /Users/arellomobile/android-ndk-r10e/platforms/android-14/arch-x86/usr/lib/crtbegin_so.o
 .rel.data.rel.ro._ZTVSt8bad_cast
                0x0000000000002fbc       0x20 /Users/arellomobile/android-ndk-r10e/platforms/android-14/arch-x86/usr/lib/crtbegin_so.o
 .rel.data.rel.ro._ZTISt11logic_error
                0x0000000000002fdc       0x18 /Users/arellomobile/android-ndk-r10e/platforms/android-14/arch-x86/usr/lib/crtbegin_so.o
 .rel.data.rel.ro._ZTISt12domain_error
                0x0000000000002ff4       0x18 /Users/arellomobile/android-ndk-r10e/platforms/android-14/arch-x86/usr/lib/crtbegin_so.o
 .rel.data.rel.ro._ZTISt16invalid_argument
                0x000000000000300c       0x18 /Users/arellomobile/android-ndk-r10e/platforms/android-14/arch-x86/usr/lib/crtbegin_so.o
 .rel.data.rel.ro._ZTISt12length_error
                0x0000000000003024       0x18 /Users/arellomobile/android-ndk-r10e/platforms/android-14/arch-x86/usr/lib/crtbegin_so.o
 .rel.data.rel.ro._ZTISt12out_of_range
                0x000000000000303c       0x18 /Users/arellomobile/android-ndk-r10e/platforms/android-14/arch-x86/usr/lib/crtbegin_so.o
 .rel.data.rel.ro._ZTISt13runtime_error
                0x0000000000003054       0x18 /Users/arellomobile/android-ndk-r10e/platforms/android-14/arch-x86/usr/lib/crtbegin_so.o
 .rel.data.rel.ro._ZTISt11range_error
                0x000000000000306c       0x18 /Users/arellomobile/android-ndk-r10e/platforms/android-14/arch-x86/usr/lib/crtbegin_so.o
 .rel.data.rel.ro._ZTISt14overflow_error
                0x0000000000003084       0x18 /Users/arellomobile/android-ndk-r10e/platforms/android-14/arch-x86/usr/lib/crtbegin_so.o
 .rel.data.rel.ro._ZTISt15underflow_error
                0x000000000000309c       0x18 /Users/arellomobile/android-ndk-r10e/platforms/android-14/arch-x86/usr/lib/crtbegin_so.o
 .rel.data.rel.ro._ZTVSt11logic_error
                0x00000000000030b4       0x20 /Users/arellomobile/android-ndk-r10e/platforms/android-14/arch-x86/usr/lib/crtbegin_so.o
 .rel.data.rel.ro._ZTVSt12domain_error
                0x00000000000030d4       0x20 /Users/arellomobile/android-ndk-r10e/platforms/android-14/arch-x86/usr/lib/crtbegin_so.o
 .rel.data.rel.ro._ZTVSt16invalid_argument
                0x00000000000030f4       0x20 /Users/arellomobile/android-ndk-r10e/platforms/android-14/arch-x86/usr/lib/crtbegin_so.o
 .rel.data.rel.ro._ZTVSt12length_error
                0x0000000000003114       0x20 /Users/arellomobile/android-ndk-r10e/platforms/android-14/arch-x86/usr/lib/crtbegin_so.o
 .rel.data.rel.ro._ZTVSt12out_of_range
                0x0000000000003134       0x20 /Users/arellomobile/android-ndk-r10e/platforms/android-14/arch-x86/usr/lib/crtbegin_so.o
 .rel.data.rel.ro._ZTVSt13runtime_error
                0x0000000000003154       0x20 /Users/arellomobile/android-ndk-r10e/platforms/android-14/arch-x86/usr/lib/crtbegin_so.o
 .rel.data.rel.ro._ZTVSt11range_error
                0x0000000000003174       0x20 /Users/arellomobile/android-ndk-r10e/platforms/android-14/arch-x86/usr/lib/crtbegin_so.o
 .rel.data.rel.ro._ZTVSt14overflow_error
                0x0000000000003194       0x20 /Users/arellomobile/android-ndk-r10e/platforms/android-14/arch-x86/usr/lib/crtbegin_so.o
 .rel.data.rel.ro._ZTVSt15underflow_error
                0x00000000000031b4       0x20 /Users/arellomobile/android-ndk-r10e/platforms/android-14/arch-x86/usr/lib/crtbegin_so.o
 .rel.data.rel.ro._ZTINSt8ios_base7failureE
                0x00000000000031d4       0x18 /Users/arellomobile/android-ndk-r10e/platforms/android-14/arch-x86/usr/lib/crtbegin_so.o
 .rel.data.rel.ro._ZTVNSt8ios_base7failureE
                0x00000000000031ec       0x20 /Users/arellomobile/android-ndk-r10e/platforms/android-14/arch-x86/usr/lib/crtbegin_so.o
 .rel.data.rel.ro._ZTISt11regex_error
                0x000000000000320c       0x18 /Users/arellomobile/android-ndk-r10e/platforms/android-14/arch-x86/usr/lib/crtbegin_so.o
 .rel.data.rel.ro._ZTVSt11regex_error
                0x0000000000003224       0x20 /Users/arellomobile/android-ndk-r10e/platforms/android-14/arch-x86/usr/lib/crtbegin_so.o
 .rel.data.rel.ro._ZTIN12_GLOBAL__N_121system_error_categoryE
                0x0000000000003244       0x18 /Users/arellomobile/android-ndk-r10e/platforms/android-14/arch-x86/usr/lib/crtbegin_so.o
 .rel.data.rel.ro._ZTIN12_GLOBAL__N_122generic_error_categoryE
                0x000000000000325c       0x18 /Users/arellomobile/android-ndk-r10e/platforms/android-14/arch-x86/usr/lib/crtbegin_so.o
 .rel.data.rel.ro._ZTISt14error_category
                0x0000000000003274       0x10 /Users/arellomobile/android-ndk-r10e/platforms/android-14/arch-x86/usr/lib/crtbegin_so.o
 .rel.data.rel.ro._ZTISt12system_error
                0x0000000000003284       0x18 /Users/arellomobile/android-ndk-r10e/platforms/android-14/arch-x86/usr/lib/crtbegin_so.o
 .rel.data.rel.ro._ZTVN12_GLOBAL__N_122generic_error_categoryE
                0x000000000000329c       0x40 /Users/arellomobile/android-ndk-r10e/platforms/android-14/arch-x86/usr/lib/crtbegin_so.o
 .rel.data.rel.ro._ZTVN12_GLOBAL__N_121system_error_categoryE
                0x00000000000032dc       0x40 /Users/arellomobile/android-ndk-r10e/platforms/android-14/arch-x86/usr/lib/crtbegin_so.o
 .rel.data.rel.ro._ZTVSt14error_category
                0x000000000000331c       0x40 /Users/arellomobile/android-ndk-r10e/platforms/android-14/arch-x86/usr/lib/crtbegin_so.o
 .rel.data.rel.ro._ZTVSt12system_error
                0x000000000000335c       0x20 /Users/arellomobile/android-ndk-r10e/platforms/android-14/arch-x86/usr/lib/crtbegin_so.o
 .rel.data.rel.ro._ZTISt9type_info
                0x000000000000337c       0x10 /Users/arellomobile/android-ndk-r10e/platforms/android-14/arch-x86/usr/lib/crtbegin_so.o
 .rel.data.rel.ro._ZTVSt9type_info
                0x000000000000338c       0x38 /Users/arellomobile/android-ndk-r10e/platforms/android-14/arch-x86/usr/lib/crtbegin_so.o
 .rel.data.rel.ro.local.standard_subs
                0x00000000000033c4       0xa0 /Users/arellomobile/android-ndk-r10e/platforms/android-14/arch-x86/usr/lib/crtbegin_so.o
 .rel.data.rel.ro.local.cplus_demangle_operators
                0x0000000000003464      0x3d0 /Users/arellomobile/android-ndk-r10e/platforms/android-14/arch-x86/usr/lib/crtbegin_so.o
 .rel.data.rel.ro.local.cplus_demangle_builtin_types
                0x0000000000003834      0x1c0 /Users/arellomobile/android-ndk-r10e/platforms/android-14/arch-x86/usr/lib/crtbegin_so.o
 *(.rel.data .rel.data.* .rel.gnu.linkonce.d.*)
 .rel.data      0x00000000000039f4        0x8 /Users/arellomobile/android-ndk-r10e/platforms/android-14/arch-x86/usr/lib/crtbegin_so.o
 .rel.data.DW.ref.__gxx_personality_v0
                0x00000000000039fc        0x8 /Users/arellomobile/android-ndk-r10e/platforms/android-14/arch-x86/usr/lib/crtbegin_so.o
 .rel.data.DW.ref._ZTISt9bad_alloc
                0x0000000000003a04        0x8 /Users/arellomobile/android-ndk-r10e/platforms/android-14/arch-x86/usr/lib/crtbegin_so.o
 .rel.data.rel._ZN10__cxxabiv119__terminate_handlerE
                0x0000000000003a0c        0x8 /Users/arellomobile/android-ndk-r10e/platforms/android-14/arch-x86/usr/lib/crtbegin_so.o
 .rel.data.rel._ZN10__cxxabiv120__unexpected_handlerE
                0x0000000000003a14        0x8 /Users/arellomobile/android-ndk-r10e/platforms/android-14/arch-x86/usr/lib/crtbegin_so.o
 .rel.data.DW.ref._ZTISt9exception
                0x0000000000003a1c        0x8 /Users/arellomobile/android-ndk-r10e/platforms/android-14/arch-x86/usr/lib/crtbegin_so.o
 *(.rel.tdata .rel.tdata.* .rel.gnu.linkonce.td.*)
 *(.rel.tbss .rel.tbss.* .rel.gnu.linkonce.tb.*)
 *(.rel.ctors)
 *(.rel.dtors)
 *(.rel.got)
 .rel.got       0x0000000000003a24       0x10 /Users/arellomobile/android-ndk-r10e/platforms/android-14/arch-x86/usr/lib/crtbegin_so.o
 *(.rel.bss .rel.bss.* .rel.gnu.linkonce.b.*)
 *(.rel.ifunc)
 .rel.ifunc     0x0000000000003a34        0x0 /Users/arellomobile/android-ndk-r10e/platforms/android-14/arch-x86/usr/lib/crtbegin_so.o
 .rel.fini_array
                0x0000000000003a34        0x8 /Users/arellomobile/android-ndk-r10e/platforms/android-14/arch-x86/usr/lib/crtbegin_so.o
 .rel.init_array
                0x0000000000003a3c       0x28 /Users/arellomobile/android-ndk-r10e/platforms/android-14/arch-x86/usr/lib/crtbegin_so.o
 .rel.eh_frame  0x0000000000003a64        0x0 /Users/arellomobile/android-ndk-r10e/platforms/android-14/arch-x86/usr/lib/crtbegin_so.o
 .rel.gcc_except_table._Znwj
                0x0000000000003a64        0x0 /Users/arellomobile/android-ndk-r10e/platforms/android-14/arch-x86/usr/lib/crtbegin_so.o
 .rel.gcc_except_table._ZN9__gnu_cxx27__verbose_terminate_handlerEv
                0x0000000000003a64        0x0 /Users/arellomobile/android-ndk-r10e/platforms/android-14/arch-x86/usr/lib/crtbegin_so.o

.rel.plt        0x0000000000003a64      0x1c0
 *(.rel.plt)
 .rel.plt       0x0000000000003a64      0x1c0 /Users/arellomobile/android-ndk-r10e/platforms/android-14/arch-x86/usr/lib/crtbegin_so.o
 *(.rel.iplt)

.init
 *(SORT(.init))

.plt            0x0000000000003c30      0x390
 *(.plt)
 .plt           0x0000000000003c30      0x390 /Users/arellomobile/android-ndk-r10e/platforms/android-14/arch-x86/usr/lib/crtbegin_so.o
 *(.iplt)

.text           0x0000000000003fc0    0x159f8
 *(.text.unlikely .text.*_unlikely .text.unlikely.*)
 .text.unlikely._ZNSs4_Rep10_M_disposeERKSaIcE.part.12
                0x0000000000003fc0       0x21 /Users/arellomobile/android-ndk-r10e/sources/cxx-stl/gnu-libstdc++/4.8/libs/x86/libgnustl_static.a(string-inst.o)
 *(.text.exit .text.exit.*)
 *fill*         0x0000000000003fe1        0xf 
 .text.exit     0x0000000000003ff0       0x24 /Users/arellomobile/android-ndk-r10e/platforms/android-14/arch-x86/usr/lib/crtbegin_so.o
                0x0000000000003ff0                __on_dlclose
 *(.text.startup .text.startup.*)
 *fill*         0x0000000000004014        0xc 
 .text.startup  0x0000000000004020       0x8f /Applications/Marmalade7.9.0.app/Contents/s3e/edk/lib/android/x86/libedk.a(IwDebug.o)
 *fill*         0x00000000000040af        0x1 
 .text.startup._GLOBAL__sub_I_eh_globals.cc
                0x00000000000040b0       0x5c /Users/arellomobile/android-ndk-r10e/sources/cxx-stl/gnu-libstdc++/4.8/libs/x86/libgnustl_static.a(eh_globals.o)
 *fill*         0x000000000000410c        0x4 
 .text.startup._GLOBAL__sub_I_eh_alloc.cc
                0x0000000000004110       0x16 /Users/arellomobile/android-ndk-r10e/sources/cxx-stl/gnu-libstdc++/4.8/libs/x86/libgnustl_static.a(eh_alloc.o)
 *fill*         0x0000000000004126        0xa 
 .text.startup._GLOBAL__sub_I_system_error.cc
                0x0000000000004130       0x6e /Users/arellomobile/android-ndk-r10e/sources/cxx-stl/gnu-libstdc++/4.8/libs/x86/libgnustl_static.a(system_error.o)
 *(.text.hot .text.hot.*)
 *(.text .stub .text.* .gnu.linkonce.t.*)
 *fill*         0x000000000000419e        0x2 
 .text          0x00000000000041a0       0x7b /Users/arellomobile/android-ndk-r10e/platforms/android-14/arch-x86/usr/lib/crtbegin_so.o
                0x00000000000041a0                __atexit_handler_wrapper
                0x00000000000041c0                atexit
                0x0000000000004200                __stack_chk_fail_local
 .text.__x86.get_pc_thunk.bx
                0x000000000000421b        0x4 /Users/arellomobile/android-ndk-r10e/platforms/android-14/arch-x86/usr/lib/crtbegin_so.o
                0x000000000000421b                __x86.get_pc_thunk.bx
 .text          0x000000000000421f      0xe38 debug/s3ePushWoosh_platform.os
                0x0000000000004323                callbackPause(void*, void*)
                0x000000000000437a                callbackUnpause(void*, void*)
                0x00000000000043d1                s3ePushWooshInit_platform()
                0x00000000000048c0                s3ePushWooshTerminate_platform()
                0x00000000000048c5                s3ePushWooshNotificationsAvailable_platform()
                0x0000000000004906                s3ePushWooshNotificationRegister_platform()
                0x0000000000004947                s3ePushWooshNotificationRegisterWithPWAppID_platform(char const*)
                0x0000000000004955                s3ePushWooshGetToken_platform()
                0x00000000000049e6                native_onNotificationsRegistered(_JNIEnv*, _jclass*, _jstring*)
                0x0000000000004afc                native_onNotificationsRegisterError(_JNIEnv*, _jclass*, _jstring*)
                0x0000000000004bd7                native_onPushReceived(_JNIEnv*, _jclass*, _jstring*, _jstring*)
                0x0000000000004cb2                s3ePushWooshNotificationUnRegister_platform()
                0x0000000000004cf3                s3ePushWooshNotificationSetIntTag_platform(char const*, int)
                0x0000000000004d57                s3ePushWooshNotificationSetStringTag_platform(char const*, char const*)
                0x0000000000004dd0                s3ePushWooshClearLocalNotifications_platform()
                0x0000000000004e11                s3ePushWooshScheduleLocalNotification_platform(char const*, int, char const*)
                0x0000000000004e9e                s3ePushWooshSetAndroidNotificationMultiMode_platform(bool)
                0x0000000000004eed                s3ePushWooshStartLocationTracking_platform()
                0x0000000000004f2e                s3ePushWooshStopLocationTracking_platform()
                0x0000000000004f6f                s3ePushWooshNotificationSetBadgeNumber_platform(int)
 *fill*         0x0000000000005057        0x1 
 .text._ZN7_JNIEnv9FindClassEPKc
                0x0000000000005058       0x20 debug/s3ePushWoosh_platform.os
                0x0000000000005058                _JNIEnv::FindClass(char const*)
 .text._ZN7_JNIEnv17ExceptionOccurredEv
                0x0000000000005078       0x19 debug/s3ePushWoosh_platform.os
                0x0000000000005078                _JNIEnv::ExceptionOccurred()
 *fill*         0x0000000000005091        0x1 
 .text._ZN7_JNIEnv17ExceptionDescribeEv
                0x0000000000005092       0x19 debug/s3ePushWoosh_platform.os
                0x0000000000005092                _JNIEnv::ExceptionDescribe()
 *fill*         0x00000000000050ab        0x1 
 .text._ZN7_JNIEnv14ExceptionClearEv
                0x00000000000050ac       0x19 debug/s3ePushWoosh_platform.os
                0x00000000000050ac                _JNIEnv::ExceptionClear()
 *fill*         0x00000000000050c5        0x1 
 .text._ZN7_JNIEnv12NewGlobalRefEP8_jobject
                0x00000000000050c6       0x20 debug/s3ePushWoosh_platform.os
                0x00000000000050c6                _JNIEnv::NewGlobalRef(_jobject*)
 .text._ZN7_JNIEnv15DeleteGlobalRefEP8_jobject
                0x00000000000050e6       0x20 debug/s3ePushWoosh_platform.os
                0x00000000000050e6                _JNIEnv::DeleteGlobalRef(_jobject*)
 .text._ZN7_JNIEnv14DeleteLocalRefEP8_jobject
                0x0000000000005106       0x20 debug/s3ePushWoosh_platform.os
                0x0000000000005106                _JNIEnv::DeleteLocalRef(_jobject*)
 .text._ZN7_JNIEnv9NewObjectEP7_jclassP10_jmethodIDz
                0x0000000000005126       0x3a debug/s3ePushWoosh_platform.os
                0x0000000000005126                _JNIEnv::NewObject(_jclass*, _jmethodID*, ...)
 .text._ZN7_JNIEnv11GetMethodIDEP7_jclassPKcS3_
                0x0000000000005160       0x31 debug/s3ePushWoosh_platform.os
                0x0000000000005160                _JNIEnv::GetMethodID(_jclass*, char const*, char const*)
 *fill*         0x0000000000005191        0x1 
 .text._ZN7_JNIEnv16CallObjectMethodEP8_jobjectP10_jmethodIDz
                0x0000000000005192       0x3d debug/s3ePushWoosh_platform.os
                0x0000000000005192                _JNIEnv::CallObjectMethod(_jobject*, _jmethodID*, ...)
 *fill*         0x00000000000051cf        0x1 
 .text._ZN7_JNIEnv17CallBooleanMethodEP8_jobjectP10_jmethodIDz
                0x00000000000051d0       0x3e debug/s3ePushWoosh_platform.os
                0x00000000000051d0                _JNIEnv::CallBooleanMethod(_jobject*, _jmethodID*, ...)
 .text._ZN7_JNIEnv13CallIntMethodEP8_jobjectP10_jmethodIDz
                0x000000000000520e       0x3d debug/s3ePushWoosh_platform.os
                0x000000000000520e                _JNIEnv::CallIntMethod(_jobject*, _jmethodID*, ...)
 *fill*         0x000000000000524b        0x1 
 .text._ZN7_JNIEnv14CallVoidMethodEP8_jobjectP10_jmethodIDz
                0x000000000000524c       0x37 debug/s3ePushWoosh_platform.os
                0x000000000000524c                _JNIEnv::CallVoidMethod(_jobject*, _jmethodID*, ...)
 *fill*         0x0000000000005283        0x1 
 .text._ZN7_JNIEnv12NewStringUTFEPKc
                0x0000000000005284       0x23 debug/s3ePushWoosh_platform.os
                0x0000000000005284                _JNIEnv::NewStringUTF(char const*)
 *fill*         0x00000000000052a7        0x1 
 .text._ZN7_JNIEnv17GetStringUTFCharsEP8_jstringPh
                0x00000000000052a8       0x2a debug/s3ePushWoosh_platform.os
                0x00000000000052a8                _JNIEnv::GetStringUTFChars(_jstring*, unsigned char*)
 .text._ZN7_JNIEnv21ReleaseStringUTFCharsEP8_jstringPKc
                0x00000000000052d2       0x2a debug/s3ePushWoosh_platform.os
                0x00000000000052d2                _JNIEnv::ReleaseStringUTFChars(_jstring*, char const*)
 .text._ZN7_JNIEnv15RegisterNativesEP7_jclassPK15JNINativeMethodi
                0x00000000000052fc       0x31 debug/s3ePushWoosh_platform.os
                0x00000000000052fc                _JNIEnv::RegisterNatives(_jclass*, JNINativeMethod const*, int)
 *fill*         0x000000000000532d        0x1 
 .text._ZN7_JavaVM6GetEnvEPPvi
                0x000000000000532e       0x27 debug/s3ePushWoosh_platform.os
                0x000000000000532e                _JavaVM::GetEnv(void**, int)
 *fill*         0x0000000000005355        0x1 
 .text._ZN19AutoJniStringBufferC2EP7_JNIEnvP8_jstring
                0x0000000000005356       0x3a debug/s3ePushWoosh_platform.os
                0x0000000000005356                AutoJniStringBuffer::AutoJniStringBuffer(_JNIEnv*, _jstring*)
                0x0000000000005356                AutoJniStringBuffer::AutoJniStringBuffer(_JNIEnv*, _jstring*)
 .text._ZN19AutoJniStringBufferD2Ev
                0x0000000000005390       0x2a debug/s3ePushWoosh_platform.os
                0x0000000000005390                AutoJniStringBuffer::~AutoJniStringBuffer()
                0x0000000000005390                AutoJniStringBuffer::~AutoJniStringBuffer()
 .text          0x00000000000053ba      0x218 debug/s3ePushWoosh.os
                0x00000000000053ba                s3ePushWooshInit()
                0x00000000000053d9                s3ePushWooshTerminate()
                0x00000000000053f8                s3ePushWooshNotificationsAvailable
                0x0000000000005417                s3ePushWooshNotificationRegister
                0x0000000000005436                s3ePushWooshNotificationRegisterWithPWAppID
                0x000000000000545b                s3ePushWooshGetToken
                0x000000000000547a                s3ePushWooshNotificationUnRegister
                0x0000000000005499                s3ePushWooshNotificationSetIntTag
                0x00000000000054c5                s3ePushWooshNotificationSetStringTag
                0x00000000000054f1                s3ePushWooshClearLocalNotifications
                0x0000000000005510                s3ePushWooshStartLocationTracking
                0x000000000000552f                s3ePushWooshStopLocationTracking
                0x000000000000554e                s3ePushWooshScheduleLocalNotification
                0x0000000000005581                s3ePushWooshSetAndroidNotificationMultiMode
                0x00000000000055ad                s3ePushWooshNotificationSetBadgeNumber
 .text          0x00000000000055d2      0x1aa debug/s3ePushWoosh_register.os
                0x00000000000055d2                s3ePushWooshRegister
                0x000000000000561d                s3ePushWooshUnRegister
                0x0000000000005661                s3ePushWooshRegisterExt()
                0x000000000000576e                RegisterExt
 *fill*         0x000000000000577c        0x4 
 .text          0x0000000000005780      0xeb6 /Applications/Marmalade7.9.0.app/Contents/s3e/edk/lib/android/x86/libedk.a(IwDebug.o)
                0x0000000000005780                IwDebugClearConfigCache
                0x0000000000005800                IwDebugAssertIsChannelOn
                0x0000000000005a00                IwDebugAssertShow
                0x0000000000005cf0                IwDebugAssertSetSolution
                0x0000000000005df0                IwDebugAssertSetMessage
                0x0000000000005f50                IwAssertRegisterTextCallback
                0x0000000000005f70                IwAssertRegisterCallback
                0x0000000000005f90                IwDebugTraceDisable
                0x0000000000005fc0                IwDebugTraceIsChannelOn
                0x0000000000006210                IwDebugTraceSetTraceChannel
                0x0000000000006230                IwDebugTraceChannelSwitch
                0x00000000000063d0                IwDebugTraceLineVPrintf
                0x00000000000064f0                IwDebugTraceLinePrintf
                0x0000000000006510                IwDebugErrorRegisterCallback
                0x0000000000006530                IwDebugErrorShow
                0x0000000000006620                IwDebugAssertSetUID
 .text.__x86.get_pc_thunk.cx
                0x0000000000006636        0x4 /Applications/Marmalade7.9.0.app/Contents/s3e/edk/lib/android/x86/libedk.a(IwDebug.o)
                0x0000000000006636                __x86.get_pc_thunk.cx
 *fill*         0x000000000000663a        0x6 
 .text          0x0000000000006640       0xa2 /Applications/Marmalade7.9.0.app/Contents/s3e/edk/lib/android/x86/libedk.a(edk_helpers.o)
                0x0000000000006640                s3eEdkErrorSetString
                0x0000000000006670                s3eEdkThreadRunOnOS
                0x00000000000066b0                s3eEdkThreadRunOnOSAsync
 .text          0x00000000000066e2        0x0 /Users/arellomobile/android-ndk-r10e/sources/cxx-stl/gnu-libstdc++/4.8/libs/x86/libgnustl_static.a(allocator-inst.o)
 *fill*         0x00000000000066e2        0xe 
 .text._ZNSaIcEC2Ev
                0x00000000000066f0        0x1 /Users/arellomobile/android-ndk-r10e/sources/cxx-stl/gnu-libstdc++/4.8/libs/x86/libgnustl_static.a(allocator-inst.o)
                0x00000000000066f0                std::allocator<char>::allocator()
                0x00000000000066f0                std::allocator<char>::allocator()
 *fill*         0x00000000000066f1        0xf 
 .text._ZNSaIcEC2ERKS_
                0x0000000000006700        0x1 /Users/arellomobile/android-ndk-r10e/sources/cxx-stl/gnu-libstdc++/4.8/libs/x86/libgnustl_static.a(allocator-inst.o)
                0x0000000000006700                std::allocator<char>::allocator(std::allocator<char> const&)
                0x0000000000006700                std::allocator<char>::allocator(std::allocator<char> const&)
 *fill*         0x0000000000006701        0xf 
 .text._ZNSaIcED2Ev
                0x0000000000006710        0x1 /Users/arellomobile/android-ndk-r10e/sources/cxx-stl/gnu-libstdc++/4.8/libs/x86/libgnustl_static.a(allocator-inst.o)
                0x0000000000006710                std::allocator<char>::~allocator()
                0x0000000000006710                std::allocator<char>::~allocator()
 *fill*         0x0000000000006711        0xf 
 .text._ZNSaIwEC2Ev
                0x0000000000006720        0x1 /Users/arellomobile/android-ndk-r10e/sources/cxx-stl/gnu-libstdc++/4.8/libs/x86/libgnustl_static.a(allocator-inst.o)
                0x0000000000006720                std::allocator<wchar_t>::allocator()
                0x0000000000006720                std::allocator<wchar_t>::allocator()
 *fill*         0x0000000000006721        0xf 
 .text._ZNSaIwEC2ERKS_
                0x0000000000006730        0x1 /Users/arellomobile/android-ndk-r10e/sources/cxx-stl/gnu-libstdc++/4.8/libs/x86/libgnustl_static.a(allocator-inst.o)
                0x0000000000006730                std::allocator<wchar_t>::allocator(std::allocator<wchar_t> const&)
                0x0000000000006730                std::allocator<wchar_t>::allocator(std::allocator<wchar_t> const&)
 *fill*         0x0000000000006731        0xf 
 .text._ZNSaIwED2Ev
                0x0000000000006740        0x1 /Users/arellomobile/android-ndk-r10e/sources/cxx-stl/gnu-libstdc++/4.8/libs/x86/libgnustl_static.a(allocator-inst.o)
                0x0000000000006740                std::allocator<wchar_t>::~allocator()
                0x0000000000006740                std::allocator<wchar_t>::~allocator()
 .text          0x0000000000006741        0x0 /Users/arellomobile/android-ndk-r10e/sources/cxx-stl/gnu-libstdc++/4.8/libs/x86/libgnustl_static.a(string-inst.o)
 *fill*         0x0000000000006741        0xf 
 .text._ZNKSs4dataEv
                0x0000000000006750        0x7 /Users/arellomobile/android-ndk-r10e/sources/cxx-stl/gnu-libstdc++/4.8/libs/x86/libgnustl_static.a(string-inst.o)
                0x0000000000006750                std::string::data() const
 *fill*         0x0000000000006757        0x9 
 .text._ZNKSs6lengthEv
                0x0000000000006760        0xa /Users/arellomobile/android-ndk-r10e/sources/cxx-stl/gnu-libstdc++/4.8/libs/x86/libgnustl_static.a(string-inst.o)
                0x0000000000006760                std::string::length() const
 *fill*         0x000000000000676a        0x6 
 .text._ZNKSs7_M_dataEv
                0x0000000000006770        0x7 /Users/arellomobile/android-ndk-r10e/sources/cxx-stl/gnu-libstdc++/4.8/libs/x86/libgnustl_static.a(string-inst.o)
                0x0000000000006770                std::string::_M_data() const
 *fill*         0x0000000000006777        0x9 
 .text._ZNSs7_M_dataEPc
                0x0000000000006780        0xb /Users/arellomobile/android-ndk-r10e/sources/cxx-stl/gnu-libstdc++/4.8/libs/x86/libgnustl_static.a(string-inst.o)
                0x0000000000006780                std::string::_M_data(char*)
 *fill*         0x000000000000678b        0x5 
 .text._ZNKSs6_M_repEv
                0x0000000000006790        0xa /Users/arellomobile/android-ndk-r10e/sources/cxx-stl/gnu-libstdc++/4.8/libs/x86/libgnustl_static.a(string-inst.o)
                0x0000000000006790                std::string::_M_rep() const
 *fill*         0x000000000000679a        0x6 
 .text._ZNKSs9_M_ibeginEv
                0x00000000000067a0        0xf /Users/arellomobile/android-ndk-r10e/sources/cxx-stl/gnu-libstdc++/4.8/libs/x86/libgnustl_static.a(string-inst.o)
                0x00000000000067a0                std::string::_M_ibegin() const
 *fill*         0x00000000000067af        0x1 
 .text._ZNKSs7_M_iendEv
                0x00000000000067b0       0x12 /Users/arellomobile/android-ndk-r10e/sources/cxx-stl/gnu-libstdc++/4.8/libs/x86/libgnustl_static.a(string-inst.o)
                0x00000000000067b0                std::string::_M_iend() const
 *fill*         0x00000000000067c2        0xe 
 .text._ZNKSs8_M_checkEjPKc
                0x00000000000067d0       0x31 /Users/arellomobile/android-ndk-r10e/sources/cxx-stl/gnu-libstdc++/4.8/libs/x86/libgnustl_static.a(string-inst.o)
                0x00000000000067d0                std::string::_M_check(unsigned int, char const*) const
 *fill*         0x0000000000006801        0xf 
 .text._ZNKSs15_M_check_lengthEjjPKc
                0x0000000000006810       0x3a /Users/arellomobile/android-ndk-r10e/sources/cxx-stl/gnu-libstdc++/4.8/libs/x86/libgnustl_static.a(string-inst.o)
                0x0000000000006810                std::string::_M_check_length(unsigned int, unsigned int, char const*) const
 *fill*         0x000000000000684a        0x6 
 .text._ZNKSs8_M_limitEjj
                0x0000000000006850       0x17 /Users/arellomobile/android-ndk-r10e/sources/cxx-stl/gnu-libstdc++/4.8/libs/x86/libgnustl_static.a(string-inst.o)
                0x0000000000006850                std::string::_M_limit(unsigned int, unsigned int) const
 *fill*         0x0000000000006867        0x9 
 .text._ZNKSs11_M_disjunctEPKc
                0x0000000000006870       0x1c /Users/arellomobile/android-ndk-r10e/sources/cxx-stl/gnu-libstdc++/4.8/libs/x86/libgnustl_static.a(string-inst.o)
                0x0000000000006870                std::string::_M_disjunct(char const*) const
 *fill*         0x000000000000688c        0x4 
 .text._ZNSs7_M_copyEPcPKcj
                0x0000000000006890       0x47 /Users/arellomobile/android-ndk-r10e/sources/cxx-stl/gnu-libstdc++/4.8/libs/x86/libgnustl_static.a(string-inst.o)
                0x0000000000006890                std::string::_M_copy(char*, char const*, unsigned int)
 *fill*         0x00000000000068d7        0x9 
 .text._ZNSs7_M_moveEPcPKcj
                0x00000000000068e0       0x47 /Users/arellomobile/android-ndk-r10e/sources/cxx-stl/gnu-libstdc++/4.8/libs/x86/libgnustl_static.a(string-inst.o)
                0x00000000000068e0                std::string::_M_move(char*, char const*, unsigned int)
 *fill*         0x0000000000006927        0x9 
 .text._ZNSs9_M_assignEPcjc
                0x0000000000006930       0x4c /Users/arellomobile/android-ndk-r10e/sources/cxx-stl/gnu-libstdc++/4.8/libs/x86/libgnustl_static.a(string-inst.o)
                0x0000000000006930                std::string::_M_assign(char*, unsigned int, char)
 *fill*         0x000000000000697c        0x4 
 .text._ZNSs13_S_copy_charsEPcN9__gnu_cxx17__normal_iteratorIS_SsEES2_
                0x0000000000006980       0x4f /Users/arellomobile/android-ndk-r10e/sources/cxx-stl/gnu-libstdc++/4.8/libs/x86/libgnustl_static.a(string-inst.o)
                0x0000000000006980                std::string::_S_copy_chars(char*, __gnu_cxx::__normal_iterator<char*, std::string>, __gnu_cxx::__normal_iterator<char*, std::string>)
 *fill*         0x00000000000069cf        0x1 
 .text._ZNSs13_S_copy_charsEPcN9__gnu_cxx17__normal_iteratorIPKcSsEES4_
                0x00000000000069d0       0x4f /Users/arellomobile/android-ndk-r10e/sources/cxx-stl/gnu-libstdc++/4.8/libs/x86/libgnustl_static.a(string-inst.o)
                0x00000000000069d0                std::string::_S_copy_chars(char*, __gnu_cxx::__normal_iterator<char const*, std::string>, __gnu_cxx::__normal_iterator<char const*, std::string>)
 *fill*         0x0000000000006a1f        0x1 
 .text._ZNSs13_S_copy_charsEPcS_S_
                0x0000000000006a20       0x4f /Users/arellomobile/android-ndk-r10e/sources/cxx-stl/gnu-libstdc++/4.8/libs/x86/libgnustl_static.a(string-inst.o)
                0x0000000000006a20                std::string::_S_copy_chars(char*, char*, char*)
 *fill*         0x0000000000006a6f        0x1 
 .text._ZNSs13_S_copy_charsEPcPKcS1_
                0x0000000000006a70       0x4f /Users/arellomobile/android-ndk-r10e/sources/cxx-stl/gnu-libstdc++/4.8/libs/x86/libgnustl_static.a(string-inst.o)
                0x0000000000006a70                std::string::_S_copy_chars(char*, char const*, char const*)
 *fill*         0x0000000000006abf        0x1 
 .text._ZNSs10_S_compareEjj
                0x0000000000006ac0        0x9 /Users/arellomobile/android-ndk-r10e/sources/cxx-stl/gnu-libstdc++/4.8/libs/x86/libgnustl_static.a(string-inst.o)
                0x0000000000006ac0                std::string::_S_compare(unsigned int, unsigned int)
 *fill*         0x0000000000006ac9        0x7 
 .text._ZNSs12_S_empty_repEv
                0x0000000000006ad0       0x12 /Users/arellomobile/android-ndk-r10e/sources/cxx-stl/gnu-libstdc++/4.8/libs/x86/libgnustl_static.a(string-inst.o)
                0x0000000000006ad0                std::string::_S_empty_rep()
 *fill*         0x0000000000006ae2        0xe 
 .text._ZNSsC2Ev
                0x0000000000006af0       0x18 /Users/arellomobile/android-ndk-r10e/sources/cxx-stl/gnu-libstdc++/4.8/libs/x86/libgnustl_static.a(string-inst.o)
                0x0000000000006af0                std::basic_string<char, std::char_traits<char>, std::allocator<char> >::basic_string()
                0x0000000000006af0                std::basic_string<char, std::char_traits<char>, std::allocator<char> >::basic_string()
 *fill*         0x0000000000006b08        0x8 
 .text._ZNSsC2EOSs
                0x0000000000006b10       0x22 /Users/arellomobile/android-ndk-r10e/sources/cxx-stl/gnu-libstdc++/4.8/libs/x86/libgnustl_static.a(string-inst.o)
                0x0000000000006b10                std::basic_string<char, std::char_traits<char>, std::allocator<char> >::basic_string(std::string&&)
                0x0000000000006b10                std::basic_string<char, std::char_traits<char>, std::allocator<char> >::basic_string(std::string&&)
 *fill*         0x0000000000006b32        0xe 
 .text._ZNKSs5beginEv
                0x0000000000006b40        0xf /Users/arellomobile/android-ndk-r10e/sources/cxx-stl/gnu-libstdc++/4.8/libs/x86/libgnustl_static.a(string-inst.o)
                0x0000000000006b40                std::string::begin() const
 *fill*         0x0000000000006b4f        0x1 
 .text._ZNKSs3endEv
                0x0000000000006b50       0x12 /Users/arellomobile/android-ndk-r10e/sources/cxx-stl/gnu-libstdc++/4.8/libs/x86/libgnustl_static.a(string-inst.o)
                0x0000000000006b50                std::string::end() const
 *fill*         0x0000000000006b62        0xe 
 .text._ZNKSs6rbeginEv
                0x0000000000006b70       0x12 /Users/arellomobile/android-ndk-r10e/sources/cxx-stl/gnu-libstdc++/4.8/libs/x86/libgnustl_static.a(string-inst.o)
                0x0000000000006b70                std::string::rbegin() const
 *fill*         0x0000000000006b82        0xe 
 .text._ZNKSs4rendEv
                0x0000000000006b90        0xf /Users/arellomobile/android-ndk-r10e/sources/cxx-stl/gnu-libstdc++/4.8/libs/x86/libgnustl_static.a(string-inst.o)
                0x0000000000006b90                std::string::rend() const
 *fill*         0x0000000000006b9f        0x1 
 .text._ZNKSs6cbeginEv
                0x0000000000006ba0        0xf /Users/arellomobile/android-ndk-r10e/sources/cxx-stl/gnu-libstdc++/4.8/libs/x86/libgnustl_static.a(string-inst.o)
                0x0000000000006ba0                std::string::cbegin() const
 *fill*         0x0000000000006baf        0x1 
 .text._ZNKSs4cendEv
                0x0000000000006bb0       0x12 /Users/arellomobile/android-ndk-r10e/sources/cxx-stl/gnu-libstdc++/4.8/libs/x86/libgnustl_static.a(string-inst.o)
                0x0000000000006bb0                std::string::cend() const
 *fill*         0x0000000000006bc2        0xe 
 .text._ZNKSs7crbeginEv
                0x0000000000006bd0       0x12 /Users/arellomobile/android-ndk-r10e/sources/cxx-stl/gnu-libstdc++/4.8/libs/x86/libgnustl_static.a(string-inst.o)
                0x0000000000006bd0                std::string::crbegin() const
 *fill*         0x0000000000006be2        0xe 
 .text._ZNKSs5crendEv
                0x0000000000006bf0        0xf /Users/arellomobile/android-ndk-r10e/sources/cxx-stl/gnu-libstdc++/4.8/libs/x86/libgnustl_static.a(string-inst.o)
                0x0000000000006bf0                std::string::crend() const
 *fill*         0x0000000000006bff        0x1 
 .text._ZNKSs4sizeEv
                0x0000000000006c00        0xa /Users/arellomobile/android-ndk-r10e/sources/cxx-stl/gnu-libstdc++/4.8/libs/x86/libgnustl_static.a(string-inst.o)
                0x0000000000006c00                std::string::size() const
 *fill*         0x0000000000006c0a        0x6 
 .text._ZNKSs8max_sizeEv
                0x0000000000006c10        0x6 /Users/arellomobile/android-ndk-r10e/sources/cxx-stl/gnu-libstdc++/4.8/libs/x86/libgnustl_static.a(string-inst.o)
                0x0000000000006c10                std::string::max_size() const
 *fill*         0x0000000000006c16        0xa 
 .text._ZNKSs8capacityEv
                0x0000000000006c20        0xa /Users/arellomobile/android-ndk-r10e/sources/cxx-stl/gnu-libstdc++/4.8/libs/x86/libgnustl_static.a(string-inst.o)
                0x0000000000006c20                std::string::capacity() const
 *fill*         0x0000000000006c2a        0x6 
 .text._ZNKSs5emptyEv
                0x0000000000006c30        0xf /Users/arellomobile/android-ndk-r10e/sources/cxx-stl/gnu-libstdc++/4.8/libs/x86/libgnustl_static.a(string-inst.o)
                0x0000000000006c30                std::string::empty() const
 *fill*         0x0000000000006c3f        0x1 
 .text._ZNKSsixEj
                0x0000000000006c40        0xb /Users/arellomobile/android-ndk-r10e/sources/cxx-stl/gnu-libstdc++/4.8/libs/x86/libgnustl_static.a(string-inst.o)
                0x0000000000006c40                std::string::operator[](unsigned int) const
 *fill*         0x0000000000006c4b        0x5 
 .text._ZNKSs2atEj
                0x0000000000006c50       0x35 /Users/arellomobile/android-ndk-r10e/sources/cxx-stl/gnu-libstdc++/4.8/libs/x86/libgnustl_static.a(string-inst.o)
                0x0000000000006c50                std::string::at(unsigned int) const
 *fill*         0x0000000000006c85        0xb 
 .text._ZNKSs5frontEv
                0x0000000000006c90        0x7 /Users/arellomobile/android-ndk-r10e/sources/cxx-stl/gnu-libstdc++/4.8/libs/x86/libgnustl_static.a(string-inst.o)
                0x0000000000006c90                std::string::front() const
 *fill*         0x0000000000006c97        0x9 
 .text._ZNKSs4backEv
                0x0000000000006ca0        0xf /Users/arellomobile/android-ndk-r10e/sources/cxx-stl/gnu-libstdc++/4.8/libs/x86/libgnustl_static.a(string-inst.o)
                0x0000000000006ca0                std::string::back() const
 *fill*         0x0000000000006caf        0x1 
 .text._ZNKSs4copyEPcjj
                0x0000000000006cb0       0x78 /Users/arellomobile/android-ndk-r10e/sources/cxx-stl/gnu-libstdc++/4.8/libs/x86/libgnustl_static.a(string-inst.o)
                0x0000000000006cb0                std::string::copy(char*, unsigned int, unsigned int) const
 *fill*         0x0000000000006d28        0x8 
 .text._ZNSs4swapERSs
                0x0000000000006d30       0x31 /Users/arellomobile/android-ndk-r10e/sources/cxx-stl/gnu-libstdc++/4.8/libs/x86/libgnustl_static.a(string-inst.o)
                0x0000000000006d30                std::string::swap(std::string&)
 *fill*         0x0000000000006d61        0xf 
 .text._ZNSsaSEOSs
                0x0000000000006d70       0x21 /Users/arellomobile/android-ndk-r10e/sources/cxx-stl/gnu-libstdc++/4.8/libs/x86/libgnustl_static.a(string-inst.o)
                0x0000000000006d70                std::string::operator=(std::string&&)
 *fill*         0x0000000000006d91        0xf 
 .text._ZNSs6assignEOSs
                0x0000000000006da0       0x21 /Users/arellomobile/android-ndk-r10e/sources/cxx-stl/gnu-libstdc++/4.8/libs/x86/libgnustl_static.a(string-inst.o)
                0x0000000000006da0                std::string::assign(std::string&&)
 *fill*         0x0000000000006dc1        0xf 
 .text._ZNKSs5c_strEv
                0x0000000000006dd0        0x7 /Users/arellomobile/android-ndk-r10e/sources/cxx-stl/gnu-libstdc++/4.8/libs/x86/libgnustl_static.a(string-inst.o)
                0x0000000000006dd0                std::string::c_str() const
 *fill*         0x0000000000006dd7        0x9 
 .text._ZNKSs13get_allocatorEv
                0x0000000000006de0        0x7 /Users/arellomobile/android-ndk-r10e/sources/cxx-stl/gnu-libstdc++/4.8/libs/x86/libgnustl_static.a(string-inst.o)
                0x0000000000006de0                std::string::get_allocator() const
 *fill*         0x0000000000006de7        0x9 
 .text._ZNKSs4findEPKcjj
                0x0000000000006df0       0xd7 /Users/arellomobile/android-ndk-r10e/sources/cxx-stl/gnu-libstdc++/4.8/libs/x86/libgnustl_static.a(string-inst.o)
                0x0000000000006df0                std::string::find(char const*, unsigned int, unsigned int) const
 *fill*         0x0000000000006ec7        0x9 
 .text._ZNKSs4findERKSsj
                0x0000000000006ed0       0x2e /Users/arellomobile/android-ndk-r10e/sources/cxx-stl/gnu-libstdc++/4.8/libs/x86/libgnustl_static.a(string-inst.o)
                0x0000000000006ed0                std::string::find(std::string const&, unsigned int) const
 *fill*         0x0000000000006efe        0x2 
 .text._ZNKSs4findEPKcj
                0x0000000000006f00       0x40 /Users/arellomobile/android-ndk-r10e/sources/cxx-stl/gnu-libstdc++/4.8/libs/x86/libgnustl_static.a(string-inst.o)
                0x0000000000006f00                std::string::find(char const*, unsigned int) const
 .text._ZNKSs4findEcj
                0x0000000000006f40       0x62 /Users/arellomobile/android-ndk-r10e/sources/cxx-stl/gnu-libstdc++/4.8/libs/x86/libgnustl_static.a(string-inst.o)
                0x0000000000006f40                std::string::find(char, unsigned int) const
 *fill*         0x0000000000006fa2        0xe 
 .text._ZNKSs5rfindEPKcjj
                0x0000000000006fb0       0x8e /Users/arellomobile/android-ndk-r10e/sources/cxx-stl/gnu-libstdc++/4.8/libs/x86/libgnustl_static.a(string-inst.o)
                0x0000000000006fb0                std::string::rfind(char const*, unsigned int, unsigned int) const
 *fill*         0x000000000000703e        0x2 
 .text._ZNKSs5rfindERKSsj
                0x0000000000007040       0x2e /Users/arellomobile/android-ndk-r10e/sources/cxx-stl/gnu-libstdc++/4.8/libs/x86/libgnustl_static.a(string-inst.o)
                0x0000000000007040                std::string::rfind(std::string const&, unsigned int) const
 *fill*         0x000000000000706e        0x2 
 .text._ZNKSs5rfindEPKcj
                0x0000000000007070       0x40 /Users/arellomobile/android-ndk-r10e/sources/cxx-stl/gnu-libstdc++/4.8/libs/x86/libgnustl_static.a(string-inst.o)
                0x0000000000007070                std::string::rfind(char const*, unsigned int) const
 .text._ZNKSs5rfindEcj
                0x00000000000070b0       0x5d /Users/arellomobile/android-ndk-r10e/sources/cxx-stl/gnu-libstdc++/4.8/libs/x86/libgnustl_static.a(string-inst.o)
                0x00000000000070b0                std::string::rfind(char, unsigned int) const
 *fill*         0x000000000000710d        0x3 
 .text._ZNKSs13find_first_ofEPKcjj
                0x0000000000007110       0x83 /Users/arellomobile/android-ndk-r10e/sources/cxx-stl/gnu-libstdc++/4.8/libs/x86/libgnustl_static.a(string-inst.o)
                0x0000000000007110                std::string::find_first_of(char const*, unsigned int, unsigned int) const
 *fill*         0x0000000000007193        0xd 
 .text._ZNKSs13find_first_ofERKSsj
                0x00000000000071a0       0x2e /Users/arellomobile/android-ndk-r10e/sources/cxx-stl/gnu-libstdc++/4.8/libs/x86/libgnustl_static.a(string-inst.o)
                0x00000000000071a0                std::string::find_first_of(std::string const&, unsigned int) const
 *fill*         0x00000000000071ce        0x2 
 .text._ZNKSs13find_first_ofEPKcj
                0x00000000000071d0       0x40 /Users/arellomobile/android-ndk-r10e/sources/cxx-stl/gnu-libstdc++/4.8/libs/x86/libgnustl_static.a(string-inst.o)
                0x00000000000071d0                std::string::find_first_of(char const*, unsigned int) const
 .text._ZNKSs13find_first_ofEcj
                0x0000000000007210        0xe /Users/arellomobile/android-ndk-r10e/sources/cxx-stl/gnu-libstdc++/4.8/libs/x86/libgnustl_static.a(string-inst.o)
                0x0000000000007210                std::string::find_first_of(char, unsigned int) const
 *fill*         0x000000000000721e        0x2 
 .text._ZNKSs12find_last_ofEPKcjj
                0x0000000000007220       0x80 /Users/arellomobile/android-ndk-r10e/sources/cxx-stl/gnu-libstdc++/4.8/libs/x86/libgnustl_static.a(string-inst.o)
                0x0000000000007220                std::string::find_last_of(char const*, unsigned int, unsigned int) const
 .text._ZNKSs12find_last_ofERKSsj
                0x00000000000072a0       0x2e /Users/arellomobile/android-ndk-r10e/sources/cxx-stl/gnu-libstdc++/4.8/libs/x86/libgnustl_static.a(string-inst.o)
                0x00000000000072a0                std::string::find_last_of(std::string const&, unsigned int) const
 *fill*         0x00000000000072ce        0x2 
 .text._ZNKSs12find_last_ofEPKcj
                0x00000000000072d0       0x40 /Users/arellomobile/android-ndk-r10e/sources/cxx-stl/gnu-libstdc++/4.8/libs/x86/libgnustl_static.a(string-inst.o)
                0x00000000000072d0                std::string::find_last_of(char const*, unsigned int) const
 .text._ZNKSs12find_last_ofEcj
                0x0000000000007310        0xe /Users/arellomobile/android-ndk-r10e/sources/cxx-stl/gnu-libstdc++/4.8/libs/x86/libgnustl_static.a(string-inst.o)
                0x0000000000007310                std::string::find_last_of(char, unsigned int) const
 *fill*         0x000000000000731e        0x2 
 .text._ZNKSs17find_first_not_ofEPKcjj
                0x0000000000007320       0x6e /Users/arellomobile/android-ndk-r10e/sources/cxx-stl/gnu-libstdc++/4.8/libs/x86/libgnustl_static.a(string-inst.o)
                0x0000000000007320                std::string::find_first_not_of(char const*, unsigned int, unsigned int) const
 *fill*         0x000000000000738e        0x2 
 .text._ZNKSs17find_first_not_ofERKSsj
                0x0000000000007390       0x2e /Users/arellomobile/android-ndk-r10e/sources/cxx-stl/gnu-libstdc++/4.8/libs/x86/libgnustl_static.a(string-inst.o)
                0x0000000000007390                std::string::find_first_not_of(std::string const&, unsigned int) const
 *fill*         0x00000000000073be        0x2 
 .text._ZNKSs17find_first_not_ofEPKcj
                0x00000000000073c0       0x40 /Users/arellomobile/android-ndk-r10e/sources/cxx-stl/gnu-libstdc++/4.8/libs/x86/libgnustl_static.a(string-inst.o)
                0x00000000000073c0                std::string::find_first_not_of(char const*, unsigned int) const
 .text._ZNKSs17find_first_not_ofEcj
                0x0000000000007400       0x4d /Users/arellomobile/android-ndk-r10e/sources/cxx-stl/gnu-libstdc++/4.8/libs/x86/libgnustl_static.a(string-inst.o)
                0x0000000000007400                std::string::find_first_not_of(char, unsigned int) const
 *fill*         0x000000000000744d        0x3 
 .text._ZNKSs16find_last_not_ofEPKcjj
                0x0000000000007450       0x8e /Users/arellomobile/android-ndk-r10e/sources/cxx-stl/gnu-libstdc++/4.8/libs/x86/libgnustl_static.a(string-inst.o)
                0x0000000000007450                std::string::find_last_not_of(char const*, unsigned int, unsigned int) const
 *fill*         0x00000000000074de        0x2 
 .text._ZNKSs16find_last_not_ofERKSsj
                0x00000000000074e0       0x2e /Users/arellomobile/android-ndk-r10e/sources/cxx-stl/gnu-libstdc++/4.8/libs/x86/libgnustl_static.a(string-inst.o)
                0x00000000000074e0                std::string::find_last_not_of(std::string const&, unsigned int) const
 *fill*         0x000000000000750e        0x2 
 .text._ZNKSs16find_last_not_ofEPKcj
                0x0000000000007510       0x40 /Users/arellomobile/android-ndk-r10e/sources/cxx-stl/gnu-libstdc++/4.8/libs/x86/libgnustl_static.a(string-inst.o)
                0x0000000000007510                std::string::find_last_not_of(char const*, unsigned int) const
 .text._ZNKSs16find_last_not_ofEcj
                0x0000000000007550       0x4f /Users/arellomobile/android-ndk-r10e/sources/cxx-stl/gnu-libstdc++/4.8/libs/x86/libgnustl_static.a(string-inst.o)
                0x0000000000007550                std::string::find_last_not_of(char, unsigned int) const
 *fill*         0x000000000000759f        0x1 
 .text._ZNKSs7compareERKSs
                0x00000000000075a0       0x4a /Users/arellomobile/android-ndk-r10e/sources/cxx-stl/gnu-libstdc++/4.8/libs/x86/libgnustl_static.a(string-inst.o)
                0x00000000000075a0                std::string::compare(std::string const&) const
 *fill*         0x00000000000075ea        0x6 
 .text._ZNKSs7compareEjjRKSs
                0x00000000000075f0       0x6f /Users/arellomobile/android-ndk-r10e/sources/cxx-stl/gnu-libstdc++/4.8/libs/x86/libgnustl_static.a(string-inst.o)
                0x00000000000075f0                std::string::compare(unsigned int, unsigned int, std::string const&) const
 *fill*         0x000000000000765f        0x1 
 .text._ZNKSs7compareEjjRKSsjj
                0x0000000000007660       0x88 /Users/arellomobile/android-ndk-r10e/sources/cxx-stl/gnu-libstdc++/4.8/libs/x86/libgnustl_static.a(string-inst.o)
                0x0000000000007660                std::string::compare(unsigned int, unsigned int, std::string const&, unsigned int, unsigned int) const
 *fill*         0x00000000000076e8        0x8 
 .text._ZNKSs7compareEPKc
                0x00000000000076f0       0x55 /Users/arellomobile/android-ndk-r10e/sources/cxx-stl/gnu-libstdc++/4.8/libs/x86/libgnustl_static.a(string-inst.o)
                0x00000000000076f0                std::string::compare(char const*) const
 *fill*         0x0000000000007745        0xb 
 .text._ZNKSs7compareEjjPKc
                0x0000000000007750       0x7a /Users/arellomobile/android-ndk-r10e/sources/cxx-stl/gnu-libstdc++/4.8/libs/x86/libgnustl_static.a(string-inst.o)
                0x0000000000007750                std::string::compare(unsigned int, unsigned int, char const*) const
 *fill*         0x00000000000077ca        0x6 
 .text._ZNKSs7compareEjjPKcj
                0x00000000000077d0       0x6c /Users/arellomobile/android-ndk-r10e/sources/cxx-stl/gnu-libstdc++/4.8/libs/x86/libgnustl_static.a(string-inst.o)
                0x00000000000077d0                std::string::compare(unsigned int, unsigned int, char const*, unsigned int) const
 *fill*         0x000000000000783c        0x4 
 .text._ZNSs12_Alloc_hiderC2EPcRKSaIcE
                0x0000000000007840        0xb /Users/arellomobile/android-ndk-r10e/sources/cxx-stl/gnu-libstdc++/4.8/libs/x86/libgnustl_static.a(string-inst.o)
                0x0000000000007840                std::string::_Alloc_hider::_Alloc_hider(char*, std::allocator<char> const&)
                0x0000000000007840                std::string::_Alloc_hider::_Alloc_hider(char*, std::allocator<char> const&)
 *fill*         0x000000000000784b        0x5 
 .text._ZNSs4_Rep12_S_empty_repEv
                0x0000000000007850       0x12 /Users/arellomobile/android-ndk-r10e/sources/cxx-stl/gnu-libstdc++/4.8/libs/x86/libgnustl_static.a(string-inst.o)
                0x0000000000007850                std::string::_Rep::_S_empty_rep()
 *fill*         0x0000000000007862        0xe 
 .text._ZNKSs4_Rep12_M_is_leakedEv
                0x0000000000007870        0xb /Users/arellomobile/android-ndk-r10e/sources/cxx-stl/gnu-libstdc++/4.8/libs/x86/libgnustl_static.a(string-inst.o)
                0x0000000000007870                std::string::_Rep::_M_is_leaked() const
 *fill*         0x000000000000787b        0x5 
 .text._ZNKSs4_Rep12_M_is_sharedEv
                0x0000000000007880        0xd /Users/arellomobile/android-ndk-r10e/sources/cxx-stl/gnu-libstdc++/4.8/libs/x86/libgnustl_static.a(string-inst.o)
                0x0000000000007880                std::string::_Rep::_M_is_shared() const
 *fill*         0x000000000000788d        0x3 
 .text._ZNSs4_Rep13_M_set_leakedEv
                0x0000000000007890        0xc /Users/arellomobile/android-ndk-r10e/sources/cxx-stl/gnu-libstdc++/4.8/libs/x86/libgnustl_static.a(string-inst.o)
                0x0000000000007890                std::string::_Rep::_M_set_leaked()
 *fill*         0x000000000000789c        0x4 
 .text._ZNSs4_Rep15_M_set_sharableEv
                0x00000000000078a0        0xc /Users/arellomobile/android-ndk-r10e/sources/cxx-stl/gnu-libstdc++/4.8/libs/x86/libgnustl_static.a(string-inst.o)
                0x00000000000078a0                std::string::_Rep::_M_set_sharable()
 *fill*         0x00000000000078ac        0x4 
 .text._ZNSs4_Rep26_M_set_length_and_sharableEj
                0x00000000000078b0       0x32 /Users/arellomobile/android-ndk-r10e/sources/cxx-stl/gnu-libstdc++/4.8/libs/x86/libgnustl_static.a(string-inst.o)
                0x00000000000078b0                std::string::_Rep::_M_set_length_and_sharable(unsigned int)
 *fill*         0x00000000000078e2        0xe 
 .text._ZNSs4_Rep10_M_refdataEv
                0x00000000000078f0        0x8 /Users/arellomobile/android-ndk-r10e/sources/cxx-stl/gnu-libstdc++/4.8/libs/x86/libgnustl_static.a(string-inst.o)
                0x00000000000078f0                std::string::_Rep::_M_refdata()
 *fill*         0x00000000000078f8        0x8 
 .text._ZNSs4_Rep9_S_createEjjRKSaIcE
                0x0000000000007900       0x84 /Users/arellomobile/android-ndk-r10e/sources/cxx-stl/gnu-libstdc++/4.8/libs/x86/libgnustl_static.a(string-inst.o)
                0x0000000000007900                std::string::_Rep::_S_create(unsigned int, unsigned int, std::allocator<char> const&)
 *fill*         0x0000000000007984        0xc 
 .text._ZNSs12_S_constructEjcRKSaIcE
                0x0000000000007990       0x8e /Users/arellomobile/android-ndk-r10e/sources/cxx-stl/gnu-libstdc++/4.8/libs/x86/libgnustl_static.a(string-inst.o)
                0x0000000000007990                std::string::_S_construct(unsigned int, char, std::allocator<char> const&)
 *fill*         0x0000000000007a1e        0x2 
 .text._ZNSsC2ERKSaIcE
                0x0000000000007a20       0x2b /Users/arellomobile/android-ndk-r10e/sources/cxx-stl/gnu-libstdc++/4.8/libs/x86/libgnustl_static.a(string-inst.o)
                0x0000000000007a20                std::basic_string<char, std::char_traits<char>, std::allocator<char> >::basic_string(std::allocator<char> const&)
                0x0000000000007a20                std::basic_string<char, std::char_traits<char>, std::allocator<char> >::basic_string(std::allocator<char> const&)
 *fill*         0x0000000000007a4b        0x5 
 .text._ZNSsC2EjcRKSaIcE
                0x0000000000007a50       0x2c /Users/arellomobile/android-ndk-r10e/sources/cxx-stl/gnu-libstdc++/4.8/libs/x86/libgnustl_static.a(string-inst.o)
                0x0000000000007a50                std::basic_string<char, std::char_traits<char>, std::allocator<char> >::basic_string(unsigned int, char, std::allocator<char> const&)
                0x0000000000007a50                std::basic_string<char, std::char_traits<char>, std::allocator<char> >::basic_string(unsigned int, char, std::allocator<char> const&)
 *fill*         0x0000000000007a7c        0x4 
 .text._ZNSs18_S_construct_aux_2EjcRKSaIcE
                0x0000000000007a80        0xe /Users/arellomobile/android-ndk-r10e/sources/cxx-stl/gnu-libstdc++/4.8/libs/x86/libgnustl_static.a(string-inst.o)
                0x0000000000007a80                std::string::_S_construct_aux_2(unsigned int, char, std::allocator<char> const&)
 *fill*         0x0000000000007a8e        0x2 
 .text._ZNSs4_Rep10_M_destroyERKSaIcE
                0x0000000000007a90       0x22 /Users/arellomobile/android-ndk-r10e/sources/cxx-stl/gnu-libstdc++/4.8/libs/x86/libgnustl_static.a(string-inst.o)
                0x0000000000007a90                std::string::_Rep::_M_destroy(std::allocator<char> const&)
 *fill*         0x0000000000007ab2        0xe 
 .text._ZNSs4_Rep10_M_disposeERKSaIcE
                0x0000000000007ac0       0x26 /Users/arellomobile/android-ndk-r10e/sources/cxx-stl/gnu-libstdc++/4.8/libs/x86/libgnustl_static.a(string-inst.o)
                0x0000000000007ac0                std::string::_Rep::_M_dispose(std::allocator<char> const&)
 *fill*         0x0000000000007ae6        0xa 
 .text._ZNSsD2Ev
                0x0000000000007af0       0x34 /Users/arellomobile/android-ndk-r10e/sources/cxx-stl/gnu-libstdc++/4.8/libs/x86/libgnustl_static.a(string-inst.o)
                0x0000000000007af0                std::basic_string<char, std::char_traits<char>, std::allocator<char> >::~basic_string()
                0x0000000000007af0                std::basic_string<char, std::char_traits<char>, std::allocator<char> >::~basic_string()
 *fill*         0x0000000000007b24        0xc 
 .text._ZNSs9_M_mutateEjjj
                0x0000000000007b30      0x1c4 /Users/arellomobile/android-ndk-r10e/sources/cxx-stl/gnu-libstdc++/4.8/libs/x86/libgnustl_static.a(string-inst.o)
                0x0000000000007b30                std::string::_M_mutate(unsigned int, unsigned int, unsigned int)
 *fill*         0x0000000000007cf4        0xc 
 .text._ZNSs12_M_leak_hardEv
                0x0000000000007d00       0x5b /Users/arellomobile/android-ndk-r10e/sources/cxx-stl/gnu-libstdc++/4.8/libs/x86/libgnustl_static.a(string-inst.o)
                0x0000000000007d00                std::string::_M_leak_hard()
 *fill*         0x0000000000007d5b        0x5 
 .text._ZNSs7_M_leakEv
                0x0000000000007d60       0x19 /Users/arellomobile/android-ndk-r10e/sources/cxx-stl/gnu-libstdc++/4.8/libs/x86/libgnustl_static.a(string-inst.o)
                0x0000000000007d60                std::string::_M_leak()
 *fill*         0x0000000000007d79        0x7 
 .text._ZNSs5beginEv
                0x0000000000007d80       0x2e /Users/arellomobile/android-ndk-r10e/sources/cxx-stl/gnu-libstdc++/4.8/libs/x86/libgnustl_static.a(string-inst.o)
                0x0000000000007d80                std::string::begin()
 *fill*         0x0000000000007dae        0x2 
 .text._ZNSs4rendEv
                0x0000000000007db0       0x2e /Users/arellomobile/android-ndk-r10e/sources/cxx-stl/gnu-libstdc++/4.8/libs/x86/libgnustl_static.a(string-inst.o)
                0x0000000000007db0                std::string::rend()
 *fill*         0x0000000000007dde        0x2 
 .text._ZNSs3endEv
                0x0000000000007de0       0x31 /Users/arellomobile/android-ndk-r10e/sources/cxx-stl/gnu-libstdc++/4.8/libs/x86/libgnustl_static.a(string-inst.o)
                0x0000000000007de0                std::string::end()
 *fill*         0x0000000000007e11        0xf 
 .text._ZNSsixEj
                0x0000000000007e20       0x26 /Users/arellomobile/android-ndk-r10e/sources/cxx-stl/gnu-libstdc++/4.8/libs/x86/libgnustl_static.a(string-inst.o)
                0x0000000000007e20                std::string::operator[](unsigned int)
 *fill*         0x0000000000007e46        0xa 
 .text._ZNSs5frontEv
                0x0000000000007e50       0x22 /Users/arellomobile/android-ndk-r10e/sources/cxx-stl/gnu-libstdc++/4.8/libs/x86/libgnustl_static.a(string-inst.o)
                0x0000000000007e50                std::string::front()
 *fill*         0x0000000000007e72        0xe 
 .text._ZNSs4backEv
                0x0000000000007e80       0x2c /Users/arellomobile/android-ndk-r10e/sources/cxx-stl/gnu-libstdc++/4.8/libs/x86/libgnustl_static.a(string-inst.o)
                0x0000000000007e80                std::string::back()
 *fill*         0x0000000000007eac        0x4 
 .text._ZNSs2atEj
                0x0000000000007eb0       0x4a /Users/arellomobile/android-ndk-r10e/sources/cxx-stl/gnu-libstdc++/4.8/libs/x86/libgnustl_static.a(string-inst.o)
                0x0000000000007eb0                std::string::at(unsigned int)
 *fill*         0x0000000000007efa        0x6 
 .text._ZNSs6rbeginEv
                0x0000000000007f00       0x31 /Users/arellomobile/android-ndk-r10e/sources/cxx-stl/gnu-libstdc++/4.8/libs/x86/libgnustl_static.a(string-inst.o)
                0x0000000000007f00                std::string::rbegin()
 *fill*         0x0000000000007f31        0xf 
 .text._ZNSs5clearEv
                0x0000000000007f40       0x2e /Users/arellomobile/android-ndk-r10e/sources/cxx-stl/gnu-libstdc++/4.8/libs/x86/libgnustl_static.a(string-inst.o)
                0x0000000000007f40                std::string::clear()
 *fill*         0x0000000000007f6e        0x2 
 .text._ZNSs5eraseEjj
                0x0000000000007f70       0x60 /Users/arellomobile/android-ndk-r10e/sources/cxx-stl/gnu-libstdc++/4.8/libs/x86/libgnustl_static.a(string-inst.o)
                0x0000000000007f70                std::string::erase(unsigned int, unsigned int)
 .text._ZNSs5eraseEN9__gnu_cxx17__normal_iteratorIPcSsEE
                0x0000000000007fd0       0x4b /Users/arellomobile/android-ndk-r10e/sources/cxx-stl/gnu-libstdc++/4.8/libs/x86/libgnustl_static.a(string-inst.o)
                0x0000000000007fd0                std::string::erase(__gnu_cxx::__normal_iterator<char*, std::string>)
 *fill*         0x000000000000801b        0x5 
 .text._ZNSs5eraseEN9__gnu_cxx17__normal_iteratorIPcSsEES2_
                0x0000000000008020       0x61 /Users/arellomobile/android-ndk-r10e/sources/cxx-stl/gnu-libstdc++/4.8/libs/x86/libgnustl_static.a(string-inst.o)
                0x0000000000008020                std::string::erase(__gnu_cxx::__normal_iterator<char*, std::string>, __gnu_cxx::__normal_iterator<char*, std::string>)
 *fill*         0x0000000000008081        0xf 
 .text._ZNSs14_M_replace_auxEjjjc
                0x0000000000008090       0x9d /Users/arellomobile/android-ndk-r10e/sources/cxx-stl/gnu-libstdc++/4.8/libs/x86/libgnustl_static.a(string-inst.o)
                0x0000000000008090                std::string::_M_replace_aux(unsigned int, unsigned int, unsigned int, char)
 *fill*         0x000000000000812d        0x3 
 .text._ZNSs6assignEjc
                0x0000000000008130       0x37 /Users/arellomobile/android-ndk-r10e/sources/cxx-stl/gnu-libstdc++/4.8/libs/x86/libgnustl_static.a(string-inst.o)
                0x0000000000008130                std::string::assign(unsigned int, char)
 *fill*         0x0000000000008167        0x9 
 .text._ZNSsaSEc
                0x0000000000008170       0x3b /Users/arellomobile/android-ndk-r10e/sources/cxx-stl/gnu-libstdc++/4.8/libs/x86/libgnustl_static.a(string-inst.o)
                0x0000000000008170                std::string::operator=(char)
 *fill*         0x00000000000081ab        0x5 
 .text._ZNSs6insertEjjc
                0x00000000000081b0       0x5a /Users/arellomobile/android-ndk-r10e/sources/cxx-stl/gnu-libstdc++/4.8/libs/x86/libgnustl_static.a(string-inst.o)
                0x00000000000081b0                std::string::insert(unsigned int, unsigned int, char)
 *fill*         0x000000000000820a        0x6 
 .text._ZNSs6insertEN9__gnu_cxx17__normal_iteratorIPcSsEEc
                0x0000000000008210       0x54 /Users/arellomobile/android-ndk-r10e/sources/cxx-stl/gnu-libstdc++/4.8/libs/x86/libgnustl_static.a(string-inst.o)
                0x0000000000008210                std::string::insert(__gnu_cxx::__normal_iterator<char*, std::string>, char)
 *fill*         0x0000000000008264        0xc 
 .text._ZNSs7replaceEjjjc
                0x0000000000008270       0x69 /Users/arellomobile/android-ndk-r10e/sources/cxx-stl/gnu-libstdc++/4.8/libs/x86/libgnustl_static.a(string-inst.o)
                0x0000000000008270                std::string::replace(unsigned int, unsigned int, unsigned int, char)
 *fill*         0x00000000000082d9        0x7 
 .text._ZNSs7replaceEN9__gnu_cxx17__normal_iteratorIPcSsEES2_jc
                0x00000000000082e0       0x28 /Users/arellomobile/android-ndk-r10e/sources/cxx-stl/gnu-libstdc++/4.8/libs/x86/libgnustl_static.a(string-inst.o)
                0x00000000000082e0                std::string::replace(__gnu_cxx::__normal_iterator<char*, std::string>, __gnu_cxx::__normal_iterator<char*, std::string>, unsigned int, char)
 *fill*         0x0000000000008308        0x8 
 .text._ZNSs6insertEN9__gnu_cxx17__normal_iteratorIPcSsEEjc
                0x0000000000008310       0x38 /Users/arellomobile/android-ndk-r10e/sources/cxx-stl/gnu-libstdc++/4.8/libs/x86/libgnustl_static.a(string-inst.o)
                0x0000000000008310                std::string::insert(__gnu_cxx::__normal_iterator<char*, std::string>, unsigned int, char)
 *fill*         0x0000000000008348        0x8 
 .text._ZNSs15_M_replace_safeEjjPKcj
                0x0000000000008350       0x7d /Users/arellomobile/android-ndk-r10e/sources/cxx-stl/gnu-libstdc++/4.8/libs/x86/libgnustl_static.a(string-inst.o)
                0x0000000000008350                std::string::_M_replace_safe(unsigned int, unsigned int, char const*, unsigned int)
 *fill*         0x00000000000083cd        0x3 
 .text._ZNSs6assignEPKcj
                0x00000000000083d0       0xf4 /Users/arellomobile/android-ndk-r10e/sources/cxx-stl/gnu-libstdc++/4.8/libs/x86/libgnustl_static.a(string-inst.o)
                0x00000000000083d0                std::string::assign(char const*, unsigned int)
 *fill*         0x00000000000084c4        0xc 
 .text._ZNSsaSESt16initializer_listIcE
                0x00000000000084d0       0x29 /Users/arellomobile/android-ndk-r10e/sources/cxx-stl/gnu-libstdc++/4.8/libs/x86/libgnustl_static.a(string-inst.o)
                0x00000000000084d0                std::string::operator=(std::initializer_list<char>)
 *fill*         0x00000000000084f9        0x7 
 .text._ZNSs6assignERKSsjj
                0x0000000000008500       0x5e /Users/arellomobile/android-ndk-r10e/sources/cxx-stl/gnu-libstdc++/4.8/libs/x86/libgnustl_static.a(string-inst.o)
                0x0000000000008500                std::string::assign(std::string const&, unsigned int, unsigned int)
 *fill*         0x000000000000855e        0x2 
 .text._ZNSs6assignEPKc
                0x0000000000008560       0x38 /Users/arellomobile/android-ndk-r10e/sources/cxx-stl/gnu-libstdc++/4.8/libs/x86/libgnustl_static.a(string-inst.o)
                0x0000000000008560                std::string::assign(char const*)
 *fill*         0x0000000000008598        0x8 
 .text._ZNSs6assignESt16initializer_listIcE
                0x00000000000085a0        0x5 /Users/arellomobile/android-ndk-r10e/sources/cxx-stl/gnu-libstdc++/4.8/libs/x86/libgnustl_static.a(string-inst.o)
                0x00000000000085a0                std::string::assign(std::initializer_list<char>)
 *fill*         0x00000000000085a5        0xb 
 .text._ZNSsaSEPKc
                0x00000000000085b0       0x38 /Users/arellomobile/android-ndk-r10e/sources/cxx-stl/gnu-libstdc++/4.8/libs/x86/libgnustl_static.a(string-inst.o)